docker : /home/airflow/.local/lib/python3.10/site-packages/airflow/configuration.py:761 FutureWarning: The 
auth_backends setting in [api] has had airflow.api.auth.backend.session added in the running config, which is needed 
by the UI. Please update your config before Apache Airflow 3.0.
At line:1 char:1
+ docker exec demo-airflow-webserver airflow tasks test lakehouse_pipel ...
+ ~~~~~~~~~~~~~~~~~~~~~~~~~~~~~~~~~~~~~~~~~~~~~~~~~~~~~~~~~~~~~~~~~~~~~
    + CategoryInfo          : NotSpecified: (/home/airflow/....he Airflow 3.0.:String) [], RemoteException
    + FullyQualifiedErrorId : NativeCommandError
 
[[34m2026-09-10T14:42:08.130+0000[0m] {[34mdagbag.py:[0m545} INFO[0m - Filling up the DagBag from /opt/airflow/dags[0m
[[34m2026-09-10T14:42:08.764+0000[0m] {[34mtaskinstance.py:[0m2076} INFO[0m - Dependencies all met for dep_context=non-requeueable deps ti=<TaskInstance: lakehouse_pipeline.bronze_to_silver manual__2026-09-10T13:59:36.411373+00:00 [failed]>[0m
[[34m2026-09-10T14:42:08.784+0000[0m] {[34mtaskinstance.py:[0m2076} INFO[0m - Dependencies all met for dep_context=requeueable deps ti=<TaskInstance: lakehouse_pipeline.bronze_to_silver manual__2026-09-10T13:59:36.411373+00:00 [failed]>[0m
[[34m2026-09-10T14:42:08.785+0000[0m] {[34mtaskinstance.py:[0m2306} INFO[0m - Starting attempt 2 of 1[0m
[[34m2026-09-10T14:42:08.788+0000[0m] {[34mtaskinstance.py:[0m2330} INFO[0m - Executing <Task(BashOperator): bronze_to_silver> on 2026-09-10 13:59:36.411373+00:00[0m
[[34m2026-09-10T14:42:09.530+0000[0m] {[34mtaskinstance.py:[0m2648} INFO[0m - Exporting env vars: AIRFLOW_CTX_DAG_OWNER='lakehouse' AIRFLOW_CTX_DAG_ID='lakehouse_pipeline' AIRFLOW_CTX_TASK_ID='bronze_to_silver' AIRFLOW_CTX_EXECUTION_DATE='2026-09-10T13:59:36.411373+00:00' AIRFLOW_CTX_TRY_NUMBER='2' AIRFLOW_CTX_DAG_RUN_ID='manual__2026-09-10T13:59:36.411373+00:00'[0m
[[34m2026-09-10T14:42:09.535+0000[0m] {[34mtaskinstance.py:[0m430} INFO[0m - ::endgroup::[0m
[[34m2026-09-10T14:42:09.575+0000[0m] {[34msubprocess.py:[0m63} INFO[0m - Tmp dir root location: /tmp[0m
[[34m2026-09-10T14:42:09.577+0000[0m] {[34msubprocess.py:[0m75} INFO[0m - Running command: ['/usr/bin/bash', '-c', 'cd /opt/airflow/spark && python spark_bronze_to_silver.py --run_id manual__2026-09-10T13:59:36.411373+00:00'][0m
[[34m2026-09-10T14:42:09.595+0000[0m] {[34msubprocess.py:[0m86} INFO[0m - Output:[0m
[[34m2026-09-10T14:42:12.123+0000[0m] {[34msubprocess.py:[0m93} INFO[0m - /home/airflow/.local/lib/python3.10/site-packages/pyspark/bin/load-spark-env.sh: line 68: ps: command not found[0m
[[34m2026-09-10T14:42:21.918+0000[0m] {[34msubprocess.py:[0m93} INFO[0m - :: loading settings :: url = jar:file:/home/airflow/.local/lib/python3.10/site-packages/pyspark/jars/ivy-2.5.1.jar!/org/apache/ivy/core/settings/ivysettings.xml[0m
[[34m2026-09-10T14:42:22.495+0000[0m] {[34msubprocess.py:[0m93} INFO[0m - Ivy Default Cache set to: /home/airflow/.ivy2/cache[0m
[[34m2026-09-10T14:42:22.496+0000[0m] {[34msubprocess.py:[0m93} INFO[0m - The jars for the packages stored in: /home/airflow/.ivy2/jars[0m
[[34m2026-09-10T14:42:22.517+0000[0m] {[34msubprocess.py:[0m93} INFO[0m - org.apache.iceberg#iceberg-spark-runtime-3.5_2.12 added as a dependency[0m
[[34m2026-09-10T14:42:22.519+0000[0m] {[34msubprocess.py:[0m93} INFO[0m - org.projectnessie.nessie-integrations#nessie-spark-extensions-3.5_2.12 added as a dependency[0m
[[34m2026-09-10T14:42:22.519+0000[0m] {[34msubprocess.py:[0m93} INFO[0m - org.apache.hadoop#hadoop-aws added as a dependency[0m
[[34m2026-09-10T14:42:22.522+0000[0m] {[34msubprocess.py:[0m93} INFO[0m - :: resolving dependencies :: org.apache.spark#spark-submit-parent-7c1c15a4-5868-4443-9db4-92cf23b93465;1.0[0m
[[34m2026-09-10T14:42:22.525+0000[0m] {[34msubprocess.py:[0m93} INFO[0m - 	confs: [default][0m
[[34m2026-09-10T14:42:23.351+0000[0m] {[34msubprocess.py:[0m93} INFO[0m - 	found org.apache.iceberg#iceberg-spark-runtime-3.5_2.12;1.4.3 in central[0m
[[34m2026-09-10T14:42:23.589+0000[0m] {[34msubprocess.py:[0m93} INFO[0m - 	found org.projectnessie.nessie-integrations#nessie-spark-extensions-3.5_2.12;0.77.1 in central[0m
[[34m2026-09-10T14:42:23.900+0000[0m] {[34msubprocess.py:[0m93} INFO[0m - 	found org.apache.hadoop#hadoop-aws;3.3.4 in central[0m
[[34m2026-09-10T14:42:23.989+0000[0m] {[34msubprocess.py:[0m93} INFO[0m - 	found com.amazonaws#aws-java-sdk-bundle;1.12.262 in central[0m
[[34m2026-09-10T14:42:24.103+0000[0m] {[34msubprocess.py:[0m93} INFO[0m - 	found org.wildfly.openssl#wildfly-openssl;1.0.7.Final in central[0m
[[34m2026-09-10T14:42:24.230+0000[0m] {[34msubprocess.py:[0m93} INFO[0m - :: resolution report :: resolve 1637ms :: artifacts dl 72ms[0m
[[34m2026-09-10T14:42:24.231+0000[0m] {[34msubprocess.py:[0m93} INFO[0m - 	:: modules in use:[0m
[[34m2026-09-10T14:42:24.232+0000[0m] {[34msubprocess.py:[0m93} INFO[0m - 	com.amazonaws#aws-java-sdk-bundle;1.12.262 from central in [default][0m
[[34m2026-09-10T14:42:24.260+0000[0m] {[34msubprocess.py:[0m93} INFO[0m - 	org.apache.hadoop#hadoop-aws;3.3.4 from central in [default][0m
[[34m2026-09-10T14:42:24.261+0000[0m] {[34msubprocess.py:[0m93} INFO[0m - 	org.apache.iceberg#iceberg-spark-runtime-3.5_2.12;1.4.3 from central in [default][0m
[[34m2026-09-10T14:42:24.261+0000[0m] {[34msubprocess.py:[0m93} INFO[0m - 	org.projectnessie.nessie-integrations#nessie-spark-extensions-3.5_2.12;0.77.1 from central in [default][0m
[[34m2026-09-10T14:42:24.262+0000[0m] {[34msubprocess.py:[0m93} INFO[0m - 	org.wildfly.openssl#wildfly-openssl;1.0.7.Final from central in [default][0m
[[34m2026-09-10T14:42:24.263+0000[0m] {[34msubprocess.py:[0m93} INFO[0m - 	---------------------------------------------------------------------[0m
[[34m2026-09-10T14:42:24.263+0000[0m] {[34msubprocess.py:[0m93} INFO[0m - 	|                  |            modules            ||   artifacts   |[0m
[[34m2026-09-10T14:42:24.264+0000[0m] {[34msubprocess.py:[0m93} INFO[0m - 	|       conf       | number| search|dwnlded|evicted|| number|dwnlded|[0m
[[34m2026-09-10T14:42:24.264+0000[0m] {[34msubprocess.py:[0m93} INFO[0m - 	---------------------------------------------------------------------[0m
[[34m2026-09-10T14:42:24.265+0000[0m] {[34msubprocess.py:[0m93} INFO[0m - 	|      default     |   5   |   0   |   0   |   0   ||   5   |   0   |[0m
[[34m2026-09-10T14:42:24.266+0000[0m] {[34msubprocess.py:[0m93} INFO[0m - 	---------------------------------------------------------------------[0m
[[34m2026-09-10T14:42:24.267+0000[0m] {[34msubprocess.py:[0m93} INFO[0m - :: retrieving :: org.apache.spark#spark-submit-parent-7c1c15a4-5868-4443-9db4-92cf23b93465[0m
[[34m2026-09-10T14:42:24.267+0000[0m] {[34msubprocess.py:[0m93} INFO[0m - 	confs: [default][0m
[[34m2026-09-10T14:42:24.288+0000[0m] {[34msubprocess.py:[0m93} INFO[0m - 	0 artifacts copied, 5 already retrieved (0kB/35ms)[0m
[[34m2026-09-10T14:42:26.780+0000[0m] {[34msubprocess.py:[0m93} INFO[0m - 26/09/10 14:42:26 WARN NativeCodeLoader: Unable to load native-hadoop library for your platform... using builtin-java classes where applicable[0m
[[34m2026-09-10T14:42:28.192+0000[0m] {[34msubprocess.py:[0m93} INFO[0m - Setting default log level to "WARN".[0m
[[34m2026-09-10T14:42:28.193+0000[0m] {[34msubprocess.py:[0m93} INFO[0m - To adjust logging level use sc.setLogLevel(newLevel). For SparkR, use setLogLevel(newLevel).[0m
[[34m2026-09-10T14:43:04.987+0000[0m] {[34msubprocess.py:[0m93} INFO[0m - 26/09/10 14:43:04 ERROR Inbox: Ignoring error[0m
[[34m2026-09-10T14:43:04.989+0000[0m] {[34msubprocess.py:[0m93} INFO[0m - java.lang.NullPointerException: Cannot invoke "org.apache.spark.storage.BlockManagerId.executorId()" because "idWithoutTopologyInfo" is null[0m
[[34m2026-09-10T14:43:04.990+0000[0m] {[34msubprocess.py:[0m93} INFO[0m - 	at org.apache.spark.storage.BlockManagerMasterEndpoint.org$apache$spark$storage$BlockManagerMasterEndpoint$$register(BlockManagerMasterEndpoint.scala:677)[0m
[[34m2026-09-10T14:43:04.990+0000[0m] {[34msubprocess.py:[0m93} INFO[0m - 	at org.apache.spark.storage.BlockManagerMasterEndpoint$$anonfun$receiveAndReply$1.applyOrElse(BlockManagerMasterEndpoint.scala:133)[0m
[[34m2026-09-10T14:43:04.991+0000[0m] {[34msubprocess.py:[0m93} INFO[0m - 	at org.apache.spark.rpc.netty.Inbox.$anonfun$process$1(Inbox.scala:103)[0m
[[34m2026-09-10T14:43:04.991+0000[0m] {[34msubprocess.py:[0m93} INFO[0m - 	at org.apache.spark.rpc.netty.Inbox.safelyCall(Inbox.scala:213)[0m
[[34m2026-09-10T14:43:04.992+0000[0m] {[34msubprocess.py:[0m93} INFO[0m - 	at org.apache.spark.rpc.netty.Inbox.process(Inbox.scala:100)[0m
[[34m2026-09-10T14:43:04.992+0000[0m] {[34msubprocess.py:[0m93} INFO[0m - 	at org.apache.spark.rpc.netty.MessageLoop.org$apache$spark$rpc$netty$MessageLoop$$receiveLoop(MessageLoop.scala:75)[0m
[[34m2026-09-10T14:43:04.993+0000[0m] {[34msubprocess.py:[0m93} INFO[0m - 	at org.apache.spark.rpc.netty.MessageLoop$$anon$1.run(MessageLoop.scala:41)[0m
[[34m2026-09-10T14:43:04.993+0000[0m] {[34msubprocess.py:[0m93} INFO[0m - 	at java.base/java.util.concurrent.ThreadPoolExecutor.runWorker(ThreadPoolExecutor.java:1136)[0m
[[34m2026-09-10T14:43:04.994+0000[0m] {[34msubprocess.py:[0m93} INFO[0m - 	at java.base/java.util.concurrent.ThreadPoolExecutor$Worker.run(ThreadPoolExecutor.java:635)[0m
[[34m2026-09-10T14:43:04.994+0000[0m] {[34msubprocess.py:[0m93} INFO[0m - 	at java.base/java.lang.Thread.run(Thread.java:840)[0m
[[34m2026-09-10T14:43:04.995+0000[0m] {[34msubprocess.py:[0m93} INFO[0m - 26/09/10 14:43:04 WARN Executor: Issue communicating with driver in heartbeater[0m
[[34m2026-09-10T14:43:04.995+0000[0m] {[34msubprocess.py:[0m93} INFO[0m - org.apache.spark.SparkException: Exception thrown in awaitResult:[0m
[[34m2026-09-10T14:43:04.996+0000[0m] {[34msubprocess.py:[0m93} INFO[0m - 	at org.apache.spark.util.SparkThreadUtils$.awaitResult(SparkThreadUtils.scala:56)[0m
[[34m2026-09-10T14:43:04.996+0000[0m] {[34msubprocess.py:[0m93} INFO[0m - 	at org.apache.spark.util.ThreadUtils$.awaitResult(ThreadUtils.scala:310)[0m
[[34m2026-09-10T14:43:04.997+0000[0m] {[34msubprocess.py:[0m93} INFO[0m - 	at org.apache.spark.rpc.RpcTimeout.awaitResult(RpcTimeout.scala:75)[0m
[[34m2026-09-10T14:43:05.003+0000[0m] {[34msubprocess.py:[0m93} INFO[0m - 	at org.apache.spark.rpc.RpcEndpointRef.askSync(RpcEndpointRef.scala:101)[0m
[[34m2026-09-10T14:43:05.005+0000[0m] {[34msubprocess.py:[0m93} INFO[0m - 	at org.apache.spark.rpc.RpcEndpointRef.askSync(RpcEndpointRef.scala:85)[0m
[[34m2026-09-10T14:43:05.007+0000[0m] {[34msubprocess.py:[0m93} INFO[0m - 	at org.apache.spark.storage.BlockManagerMaster.registerBlockManager(BlockManagerMaster.scala:80)[0m
[[34m2026-09-10T14:43:05.008+0000[0m] {[34msubprocess.py:[0m93} INFO[0m - 	at org.apache.spark.storage.BlockManager.reregister(BlockManager.scala:642)[0m
[[34m2026-09-10T14:43:05.009+0000[0m] {[34msubprocess.py:[0m93} INFO[0m - 	at org.apache.spark.executor.Executor.reportHeartBeat(Executor.scala:1223)[0m
[[34m2026-09-10T14:43:05.009+0000[0m] {[34msubprocess.py:[0m93} INFO[0m - 	at org.apache.spark.executor.Executor.$anonfun$heartbeater$1(Executor.scala:295)[0m
[[34m2026-09-10T14:43:05.010+0000[0m] {[34msubprocess.py:[0m93} INFO[0m - 	at scala.runtime.java8.JFunction0$mcV$sp.apply(JFunction0$mcV$sp.java:23)[0m
[[34m2026-09-10T14:43:05.010+0000[0m] {[34msubprocess.py:[0m93} INFO[0m - 	at org.apache.spark.util.Utils$.logUncaughtExceptions(Utils.scala:1928)[0m
[[34m2026-09-10T14:43:05.011+0000[0m] {[34msubprocess.py:[0m93} INFO[0m - 	at org.apache.spark.Heartbeater$$anon$1.run(Heartbeater.scala:46)[0m
[[34m2026-09-10T14:43:05.011+0000[0m] {[34msubprocess.py:[0m93} INFO[0m - 	at java.base/java.util.concurrent.Executors$RunnableAdapter.call(Executors.java:539)[0m
[[34m2026-09-10T14:43:05.012+0000[0m] {[34msubprocess.py:[0m93} INFO[0m - 	at java.base/java.util.concurrent.FutureTask.runAndReset(FutureTask.java:305)[0m
[[34m2026-09-10T14:43:05.012+0000[0m] {[34msubprocess.py:[0m93} INFO[0m - 	at java.base/java.util.concurrent.ScheduledThreadPoolExecutor$ScheduledFutureTask.run(ScheduledThreadPoolExecutor.java:305)[0m
[[34m2026-09-10T14:43:05.012+0000[0m] {[34msubprocess.py:[0m93} INFO[0m - 	at java.base/java.util.concurrent.ThreadPoolExecutor.runWorker(ThreadPoolExecutor.java:1136)[0m
[[34m2026-09-10T14:43:05.013+0000[0m] {[34msubprocess.py:[0m93} INFO[0m - 	at java.base/java.util.concurrent.ThreadPoolExecutor$Worker.run(ThreadPoolExecutor.java:635)[0m
[[34m2026-09-10T14:43:05.013+0000[0m] {[34msubprocess.py:[0m93} INFO[0m - 	at java.base/java.lang.Thread.run(Thread.java:840)[0m
[[34m2026-09-10T14:43:05.014+0000[0m] {[34msubprocess.py:[0m93} INFO[0m - Caused by: java.lang.NullPointerException: Cannot invoke "org.apache.spark.storage.BlockManagerId.executorId()" because "idWithoutTopologyInfo" is null[0m
[[34m2026-09-10T14:43:05.014+0000[0m] {[34msubprocess.py:[0m93} INFO[0m - 	at org.apache.spark.storage.BlockManagerMasterEndpoint.org$apache$spark$storage$BlockManagerMasterEndpoint$$register(BlockManagerMasterEndpoint.scala:677)[0m
[[34m2026-09-10T14:43:05.015+0000[0m] {[34msubprocess.py:[0m93} INFO[0m - 	at org.apache.spark.storage.BlockManagerMasterEndpoint$$anonfun$receiveAndReply$1.applyOrElse(BlockManagerMasterEndpoint.scala:133)[0m
[[34m2026-09-10T14:43:05.016+0000[0m] {[34msubprocess.py:[0m93} INFO[0m - 	at org.apache.spark.rpc.netty.Inbox.$anonfun$process$1(Inbox.scala:103)[0m
[[34m2026-09-10T14:43:05.017+0000[0m] {[34msubprocess.py:[0m93} INFO[0m - 	at org.apache.spark.rpc.netty.Inbox.safelyCall(Inbox.scala:213)[0m
[[34m2026-09-10T14:43:05.020+0000[0m] {[34msubprocess.py:[0m93} INFO[0m - 	at org.apache.spark.rpc.netty.Inbox.process(Inbox.scala:100)[0m
[[34m2026-09-10T14:43:05.022+0000[0m] {[34msubprocess.py:[0m93} INFO[0m - 	at org.apache.spark.rpc.netty.MessageLoop.org$apache$spark$rpc$netty$MessageLoop$$receiveLoop(MessageLoop.scala:75)[0m
[[34m2026-09-10T14:43:05.025+0000[0m] {[34msubprocess.py:[0m93} INFO[0m - 	at org.apache.spark.rpc.netty.MessageLoop$$anon$1.run(MessageLoop.scala:41)[0m
[[34m2026-09-10T14:43:05.026+0000[0m] {[34msubprocess.py:[0m93} INFO[0m - 	... 3 more[0m
[[34m2026-09-10T14:43:23.454+0000[0m] {[34msubprocess.py:[0m93} INFO[0m - 26/09/10 14:43:23 WARN MetricsConfig: Cannot locate configuration: tried hadoop-metrics2-s3a-file-system.properties,hadoop-metrics2.properties[0m
[[34m2026-09-10T14:43:48.920+0000[0m] {[34msubprocess.py:[0m93} INFO[0m - 
[Stage 0:>                                                          (0 + 1) / 1]

[Stage 0:===========================================================(1 + 0) / 1]

[Stage 2:>                                                          (0 + 1) / 1]

                                                                                

[Stage 6:>                                                          (0 + 1) / 1]

                                                                                
Γ£à ─É├ú ─æß║úm bß║úo bß║úng lakehouse.silver.kpi_cusc_master tß╗ôn tß║íi.[0m
[[34m2026-09-10T14:43:48.921+0000[0m] {[34msubprocess.py:[0m93} INFO[0m - Γ£à ─É├ú ─æß║úm bß║úo bß║úng lakehouse.silver.kpi_cusc_quarantine tß╗ôn tß║íi.[0m
[[34m2026-09-10T14:43:48.922+0000[0m] {[34msubprocess.py:[0m93} INFO[0m - ≡ƒôü T├¼m thß║Ñy 1 file Bronze Parquet cß║ºn nß║íp v├áo Silver...[0m
[[34m2026-09-10T14:43:48.922+0000[0m] {[34msubprocess.py:[0m93} INFO[0m - ≡ƒî┐ ─Éang tß║ío branch Nessie: 'ingest_bronze_silver_20260910_144331_98e90c' (tß╗½ 'main')...[0m
[[34m2026-09-10T14:43:48.923+0000[0m] {[34msubprocess.py:[0m93} INFO[0m - Γ£à ─É├ú tß║ío branch 'ingest_bronze_silver_20260910_144331_98e90c'.[0m
[[34m2026-09-10T14:43:48.924+0000[0m] {[34msubprocess.py:[0m93} INFO[0m - Γ₧í∩╕Å  ─Éang l├ám viß╗çc tr├¬n branch: 'ingest_bronze_silver_20260910_144331_98e90c'[0m
[[34m2026-09-10T14:43:48.926+0000[0m] {[34msubprocess.py:[0m93} INFO[0m - Γ£à ─É├ú ─æß║úm bß║úo bß║úng lakehouse.silver.kpi_cusc_master tß╗ôn tß║íi.[0m
[[34m2026-09-10T14:43:48.930+0000[0m] {[34msubprocess.py:[0m93} INFO[0m - Γ£à ─É├ú ─æß║úm bß║úo bß║úng lakehouse.silver.kpi_cusc_quarantine tß╗ôn tß║íi.[0m
[[34m2026-09-10T14:43:48.933+0000[0m] {[34msubprocess.py:[0m93} INFO[0m - Γ¥î Lß╗ùi xß╗¡ l├╜ ─æ╞░ß╗¥ng ß╗æng Silver: [INVALID_NON_DETERMINISTIC_EXPRESSIONS] The operator expects a deterministic expression, but the actual expression is "(((ma_chi_tieu = ma_chi_tieu) AND (quy_danh_gia = quy_danh_gia)) AND ((nhom_don_vi = nhom_don_vi) AND (file_nguon = file_nguon)))", "exists(ma_chi_tieu, quy_danh_gia, nhom_don_vi, file_nguon)".; line 2 pos 12;[0m
[[34m2026-09-10T14:43:48.934+0000[0m] {[34msubprocess.py:[0m93} INFO[0m - ReplaceData[0m
[[34m2026-09-10T14:43:48.935+0000[0m] {[34msubprocess.py:[0m93} INFO[0m - :  +- Filter (((outer(ma_chi_tieu#407) = ma_chi_tieu#451) AND (outer(quy_danh_gia#409) = quy_danh_gia#453)) AND ((outer(nhom_don_vi#408) = nhom_don_vi#452) AND (outer(file_nguon#406) = file_nguon#450)))[0m
[[34m2026-09-10T14:43:48.935+0000[0m] {[34msubprocess.py:[0m93} INFO[0m - :     +- SubqueryAlias s[0m
[[34m2026-09-10T14:43:48.935+0000[0m] {[34msubprocess.py:[0m93} INFO[0m - :        +- SubqueryAlias bronze_staging_view[0m
[[34m2026-09-10T14:43:48.936+0000[0m] {[34msubprocess.py:[0m93} INFO[0m - :           +- View (`bronze_staging_view`, [file_nguon#450,ma_chi_tieu#451,nhom_don_vi#452,quy_danh_gia#453,noi_dung_muc_tieu#454,dinh_ky_thu_thap#455,muc_dang_ky#456,muc_dat#457,ket_qua_he_thong#193,nguyen_nhan#459,hanh_dong_khac_phuc#460,minh_chung_type#461,minh_chung_path#462,checksum_sha256#463,muc_dang_ky_numeric#210,muc_dat_numeric#227,thoi_gian_ingest_silver#244])[0m
[[34m2026-09-10T14:43:48.937+0000[0m] {[34msubprocess.py:[0m93} INFO[0m - :              +- Filter ((((((isnotnull(ma_chi_tieu#451) AND NOT (ma_chi_tieu#451 = )) AND NOT (upper(ma_chi_tieu#451) = N/A)) AND isnotnull(quy_danh_gia#453)) AND RLIKE(quy_danh_gia#453, ^Q[1-4]/20\d{2}$)) AND isnotnull(ket_qua_he_thong#193)) AND NOT (ket_qua_he_thong#193 = ))[0m
[[34m2026-09-10T14:43:48.938+0000[0m] {[34msubprocess.py:[0m93} INFO[0m - :                 +- Project [file_nguon#450, ma_chi_tieu#451, nhom_don_vi#452, quy_danh_gia#453, noi_dung_muc_tieu#454, dinh_ky_thu_thap#455, muc_dang_ky#456, muc_dat#457, ket_qua_he_thong#193, nguyen_nhan#459, hanh_dong_khac_phuc#460, minh_chung_type#461, minh_chung_path#462, checksum_sha256#463, muc_dang_ky_numeric#210, muc_dat_numeric#227, thoi_gian_ingest_silver#244][0m
[[34m2026-09-10T14:43:48.940+0000[0m] {[34msubprocess.py:[0m93} INFO[0m - :                    +- Filter (_rn#282 = 1)[0m
[[34m2026-09-10T14:43:48.941+0000[0m] {[34msubprocess.py:[0m93} INFO[0m - :                       +- Project [file_nguon#450, ma_chi_tieu#451, nhom_don_vi#452, quy_danh_gia#453, noi_dung_muc_tieu#454, dinh_ky_thu_thap#455, muc_dang_ky#456, muc_dat#457, ket_qua_he_thong#193, nguyen_nhan#459, hanh_dong_khac_phuc#460, minh_chung_type#461, minh_chung_path#462, checksum_sha256#463, muc_dang_ky_numeric#210, muc_dat_numeric#227, thoi_gian_ingest_silver#244, _row_id#262L, _rn#282][0m
[[34m2026-09-10T14:43:48.943+0000[0m] {[34msubprocess.py:[0m93} INFO[0m - :                          +- Project [file_nguon#450, ma_chi_tieu#451, nhom_don_vi#452, quy_danh_gia#453, noi_dung_muc_tieu#454, dinh_ky_thu_thap#455, muc_dang_ky#456, muc_dat#457, ket_qua_he_thong#193, nguyen_nhan#459, hanh_dong_khac_phuc#460, minh_chung_type#461, minh_chung_path#462, checksum_sha256#463, muc_dang_ky_numeric#210, muc_dat_numeric#227, thoi_gian_ingest_silver#244, _row_id#262L, _rn#282, _rn#282][0m
[[34m2026-09-10T14:43:48.943+0000[0m] {[34msubprocess.py:[0m93} INFO[0m - :                             +- Window [row_number() windowspecdefinition(ma_chi_tieu#451, quy_danh_gia#453, thoi_gian_ingest_silver#244 DESC NULLS LAST, _row_id#262L DESC NULLS LAST, specifiedwindowframe(RowFrame, unboundedpreceding$(), currentrow$())) AS _rn#282], [ma_chi_tieu#451, quy_danh_gia#453], [thoi_gian_ingest_silver#244 DESC NULLS LAST, _row_id#262L DESC NULLS LAST][0m
[[34m2026-09-10T14:43:48.944+0000[0m] {[34msubprocess.py:[0m93} INFO[0m - :                                +- Project [file_nguon#450, ma_chi_tieu#451, nhom_don_vi#452, quy_danh_gia#453, noi_dung_muc_tieu#454, dinh_ky_thu_thap#455, muc_dang_ky#456, muc_dat#457, ket_qua_he_thong#193, nguyen_nhan#459, hanh_dong_khac_phuc#460, minh_chung_type#461, minh_chung_path#462, checksum_sha256#463, muc_dang_ky_numeric#210, muc_dat_numeric#227, thoi_gian_ingest_silver#244, _row_id#262L][0m
[[34m2026-09-10T14:43:48.944+0000[0m] {[34msubprocess.py:[0m93} INFO[0m - :                                   +- Project [file_nguon#450, ma_chi_tieu#451, nhom_don_vi#452, quy_danh_gia#453, noi_dung_muc_tieu#454, dinh_ky_thu_thap#455, muc_dang_ky#456, muc_dat#457, ket_qua_he_thong#193, nguyen_nhan#459, hanh_dong_khac_phuc#460, minh_chung_type#461, minh_chung_path#462, checksum_sha256#463, muc_dang_ky_numeric#210, muc_dat_numeric#227, thoi_gian_ingest_silver#244, monotonically_increasing_id() AS _row_id#262L][0m
[[34m2026-09-10T14:43:48.945+0000[0m] {[34msubprocess.py:[0m93} INFO[0m - :                                      +- Project [file_nguon#450, ma_chi_tieu#451, nhom_don_vi#452, quy_danh_gia#453, noi_dung_muc_tieu#454, dinh_ky_thu_thap#455, muc_dang_ky#456, muc_dat#457, ket_qua_he_thong#193, nguyen_nhan#459, hanh_dong_khac_phuc#460, minh_chung_type#461, minh_chung_path#462, checksum_sha256#463, muc_dang_ky_numeric#210, muc_dat_numeric#227, current_timestamp() AS thoi_gian_ingest_silver#244][0m
[[34m2026-09-10T14:43:48.946+0000[0m] {[34msubprocess.py:[0m93} INFO[0m - :                                         +- Project [file_nguon#450, ma_chi_tieu#451, nhom_don_vi#452, quy_danh_gia#453, noi_dung_muc_tieu#454, dinh_ky_thu_thap#455, muc_dang_ky#456, muc_dat#457, ket_qua_he_thong#193, nguyen_nhan#459, hanh_dong_khac_phuc#460, minh_chung_type#461, minh_chung_path#462, checksum_sha256#463, muc_dang_ky_numeric#210, parse_percent_or_number(muc_dat#457)#226 AS muc_dat_numeric#227][0m
[[34m2026-09-10T14:43:48.946+0000[0m] {[34msubprocess.py:[0m93} INFO[0m - :                                            +- Project [file_nguon#450, ma_chi_tieu#451, nhom_don_vi#452, quy_danh_gia#453, noi_dung_muc_tieu#454, dinh_ky_thu_thap#455, muc_dang_ky#456, muc_dat#457, ket_qua_he_thong#193, nguyen_nhan#459, hanh_dong_khac_phuc#460, minh_chung_type#461, minh_chung_path#462, checksum_sha256#463, parse_percent_or_number(muc_dang_ky#456)#209 AS muc_dang_ky_numeric#210][0m
[[34m2026-09-10T14:43:48.947+0000[0m] {[34msubprocess.py:[0m93} INFO[0m - :                                               +- Project [file_nguon#450, ma_chi_tieu#451, nhom_don_vi#452, quy_danh_gia#453, noi_dung_muc_tieu#454, dinh_ky_thu_thap#455, muc_dang_ky#456, muc_dat#457, clean_status_text(ket_qua_he_thong#458)#192 AS ket_qua_he_thong#193, nguyen_nhan#459, hanh_dong_khac_phuc#460, minh_chung_type#461, minh_chung_path#462, checksum_sha256#463][0m
[[34m2026-09-10T14:43:48.947+0000[0m] {[34msubprocess.py:[0m93} INFO[0m - :                                                  +- Relation [file_nguon#450,ma_chi_tieu#451,nhom_don_vi#452,quy_danh_gia#453,noi_dung_muc_tieu#454,dinh_ky_thu_thap#455,muc_dang_ky#456,muc_dat#457,ket_qua_he_thong#458,nguyen_nhan#459,hanh_dong_khac_phuc#460,minh_chung_type#461,minh_chung_path#462,checksum_sha256#463] parquet[0m
[[34m2026-09-10T14:43:48.948+0000[0m] {[34msubprocess.py:[0m93} INFO[0m - +- MergeRows[file_nguon#431, ma_chi_tieu#432, nhom_don_vi#433, quy_danh_gia#434, noi_dung_muc_tieu#435, dinh_ky_thu_thap#436, muc_dang_ky#437, muc_dang_ky_numeric#438, muc_dat#439, muc_dat_numeric#440, ket_qua_he_thong#441, hanh_dong_khac_phuc#442, minh_chung_type#443, minh_chung_path#444, checksum_sha256#445, thoi_gian_ingest_silver#446, nguyen_nhan#447, _file#448][0m
[[34m2026-09-10T14:43:48.948+0000[0m] {[34msubprocess.py:[0m93} INFO[0m -    +- Join FullOuter, (((ma_chi_tieu#407 = ma_chi_tieu#165) AND (quy_danh_gia#409 = quy_danh_gia#167)) AND ((nhom_don_vi#408 = nhom_don_vi#166) AND (file_nguon#406 = file_nguon#164))), leftHint=(strategy=no_broadcast_and_replication)[0m
[[34m2026-09-10T14:43:48.949+0000[0m] {[34msubprocess.py:[0m93} INFO[0m -       :- Project [file_nguon#406, ma_chi_tieu#407, nhom_don_vi#408, quy_danh_gia#409, noi_dung_muc_tieu#410, dinh_ky_thu_thap#411, muc_dang_ky#412, muc_dang_ky_numeric#413, muc_dat#414, muc_dat_numeric#415, ket_qua_he_thong#416, hanh_dong_khac_phuc#417, minh_chung_type#418, minh_chung_path#419, checksum_sha256#420, thoi_gian_ingest_silver#421, nguyen_nhan#422, _file#425, true AS __row_from_target#428, monotonically_increasing_id() AS __row_id#429L][0m
[[34m2026-09-10T14:43:48.949+0000[0m] {[34msubprocess.py:[0m93} INFO[0m -       :  +- RelationV2[file_nguon#406, ma_chi_tieu#407, nhom_don_vi#408, quy_danh_gia#409, noi_dung_muc_tieu#410, dinh_ky_thu_thap#411, muc_dang_ky#412, muc_dang_ky_numeric#413, muc_dat#414, muc_dat_numeric#415, ket_qua_he_thong#416, hanh_dong_khac_phuc#417, minh_chung_type#418, minh_chung_path#419, checksum_sha256#420, thoi_gian_ingest_silver#421, nguyen_nhan#422, _file#425] lakehouse.silver.kpi_cusc_master lakehouse.silver.kpi_cusc_master[0m
[[34m2026-09-10T14:43:48.950+0000[0m] {[34msubprocess.py:[0m93} INFO[0m -       +- Project [file_nguon#164, ma_chi_tieu#165, nhom_don_vi#166, quy_danh_gia#167, noi_dung_muc_tieu#168, dinh_ky_thu_thap#169, muc_dang_ky#170, muc_dat#171, ket_qua_he_thong#193, nguyen_nhan#173, hanh_dong_khac_phuc#174, minh_chung_type#175, minh_chung_path#176, checksum_sha256#177, muc_dang_ky_numeric#210, muc_dat_numeric#227, thoi_gian_ingest_silver#244, true AS __row_from_source#430][0m
[[34m2026-09-10T14:43:48.950+0000[0m] {[34msubprocess.py:[0m93} INFO[0m -          +- SubqueryAlias s[0m
[[34m2026-09-10T14:43:48.951+0000[0m] {[34msubprocess.py:[0m93} INFO[0m -             +- SubqueryAlias bronze_staging_view[0m
[[34m2026-09-10T14:43:48.951+0000[0m] {[34msubprocess.py:[0m93} INFO[0m -                +- View (`bronze_staging_view`, [file_nguon#164,ma_chi_tieu#165,nhom_don_vi#166,quy_danh_gia#167,noi_dung_muc_tieu#168,dinh_ky_thu_thap#169,muc_dang_ky#170,muc_dat#171,ket_qua_he_thong#193,nguyen_nhan#173,hanh_dong_khac_phuc#174,minh_chung_type#175,minh_chung_path#176,checksum_sha256#177,muc_dang_ky_numeric#210,muc_dat_numeric#227,thoi_gian_ingest_silver#244])[0m
[[34m2026-09-10T14:43:48.952+0000[0m] {[34msubprocess.py:[0m93} INFO[0m -                   +- Filter ((((((isnotnull(ma_chi_tieu#165) AND NOT (ma_chi_tieu#165 = )) AND NOT (upper(ma_chi_tieu#165) = N/A)) AND isnotnull(quy_danh_gia#167)) AND RLIKE(quy_danh_gia#167, ^Q[1-4]/20\d{2}$)) AND isnotnull(ket_qua_he_thong#193)) AND NOT (ket_qua_he_thong#193 = ))[0m
[[34m2026-09-10T14:43:48.953+0000[0m] {[34msubprocess.py:[0m93} INFO[0m -                      +- Project [file_nguon#164, ma_chi_tieu#165, nhom_don_vi#166, quy_danh_gia#167, noi_dung_muc_tieu#168, dinh_ky_thu_thap#169, muc_dang_ky#170, muc_dat#171, ket_qua_he_thong#193, nguyen_nhan#173, hanh_dong_khac_phuc#174, minh_chung_type#175, minh_chung_path#176, checksum_sha256#177, muc_dang_ky_numeric#210, muc_dat_numeric#227, thoi_gian_ingest_silver#244][0m
[[34m2026-09-10T14:43:48.956+0000[0m] {[34msubprocess.py:[0m93} INFO[0m -                         +- Filter (_rn#282 = 1)[0m
[[34m2026-09-10T14:43:48.957+0000[0m] {[34msubprocess.py:[0m93} INFO[0m -                            +- Project [file_nguon#164, ma_chi_tieu#165, nhom_don_vi#166, quy_danh_gia#167, noi_dung_muc_tieu#168, dinh_ky_thu_thap#169, muc_dang_ky#170, muc_dat#171, ket_qua_he_thong#193, nguyen_nhan#173, hanh_dong_khac_phuc#174, minh_chung_type#175, minh_chung_path#176, checksum_sha256#177, muc_dang_ky_numeric#210, muc_dat_numeric#227, thoi_gian_ingest_silver#244, _row_id#262L, _rn#282][0m
[[34m2026-09-10T14:43:48.958+0000[0m] {[34msubprocess.py:[0m93} INFO[0m -                               +- Project [file_nguon#164, ma_chi_tieu#165, nhom_don_vi#166, quy_danh_gia#167, noi_dung_muc_tieu#168, dinh_ky_thu_thap#169, muc_dang_ky#170, muc_dat#171, ket_qua_he_thong#193, nguyen_nhan#173, hanh_dong_khac_phuc#174, minh_chung_type#175, minh_chung_path#176, checksum_sha256#177, muc_dang_ky_numeric#210, muc_dat_numeric#227, thoi_gian_ingest_silver#244, _row_id#262L, _rn#282, _rn#282][0m
[[34m2026-09-10T14:43:48.960+0000[0m] {[34msubprocess.py:[0m93} INFO[0m -                                  +- Window [row_number() windowspecdefinition(ma_chi_tieu#165, quy_danh_gia#167, thoi_gian_ingest_silver#244 DESC NULLS LAST, _row_id#262L DESC NULLS LAST, specifiedwindowframe(RowFrame, unboundedpreceding$(), currentrow$())) AS _rn#282], [ma_chi_tieu#165, quy_danh_gia#167], [thoi_gian_ingest_silver#244 DESC NULLS LAST, _row_id#262L DESC NULLS LAST][0m
[[34m2026-09-10T14:43:48.963+0000[0m] {[34msubprocess.py:[0m93} INFO[0m -                                     +- Project [file_nguon#164, ma_chi_tieu#165, nhom_don_vi#166, quy_danh_gia#167, noi_dung_muc_tieu#168, dinh_ky_thu_thap#169, muc_dang_ky#170, muc_dat#171, ket_qua_he_thong#193, nguyen_nhan#173, hanh_dong_khac_phuc#174, minh_chung_type#175, minh_chung_path#176, checksum_sha256#177, muc_dang_ky_numeric#210, muc_dat_numeric#227, thoi_gian_ingest_silver#244, _row_id#262L][0m
[[34m2026-09-10T14:43:48.964+0000[0m] {[34msubprocess.py:[0m93} INFO[0m -                                        +- Project [file_nguon#164, ma_chi_tieu#165, nhom_don_vi#166, quy_danh_gia#167, noi_dung_muc_tieu#168, dinh_ky_thu_thap#169, muc_dang_ky#170, muc_dat#171, ket_qua_he_thong#193, nguyen_nhan#173, hanh_dong_khac_phuc#174, minh_chung_type#175, minh_chung_path#176, checksum_sha256#177, muc_dang_ky_numeric#210, muc_dat_numeric#227, thoi_gian_ingest_silver#244, monotonically_increasing_id() AS _row_id#262L][0m
[[34m2026-09-10T14:43:48.964+0000[0m] {[34msubprocess.py:[0m93} INFO[0m -                                           +- Project [file_nguon#164, ma_chi_tieu#165, nhom_don_vi#166, quy_danh_gia#167, noi_dung_muc_tieu#168, dinh_ky_thu_thap#169, muc_dang_ky#170, muc_dat#171, ket_qua_he_thong#193, nguyen_nhan#173, hanh_dong_khac_phuc#174, minh_chung_type#175, minh_chung_path#176, checksum_sha256#177, muc_dang_ky_numeric#210, muc_dat_numeric#227, current_timestamp() AS thoi_gian_ingest_silver#244][0m
[[34m2026-09-10T14:43:48.965+0000[0m] {[34msubprocess.py:[0m93} INFO[0m -                                              +- Project [file_nguon#164, ma_chi_tieu#165, nhom_don_vi#166, quy_danh_gia#167, noi_dung_muc_tieu#168, dinh_ky_thu_thap#169, muc_dang_ky#170, muc_dat#171, ket_qua_he_thong#193, nguyen_nhan#173, hanh_dong_khac_phuc#174, minh_chung_type#175, minh_chung_path#176, checksum_sha256#177, muc_dang_ky_numeric#210, parse_percent_or_number(muc_dat#171)#226 AS muc_dat_numeric#227][0m
[[34m2026-09-10T14:43:48.965+0000[0m] {[34msubprocess.py:[0m93} INFO[0m -                                                 +- Project [file_nguon#164, ma_chi_tieu#165, nhom_don_vi#166, quy_danh_gia#167, noi_dung_muc_tieu#168, dinh_ky_thu_thap#169, muc_dang_ky#170, muc_dat#171, ket_qua_he_thong#193, nguyen_nhan#173, hanh_dong_khac_phuc#174, minh_chung_type#175, minh_chung_path#176, checksum_sha256#177, parse_percent_or_number(muc_dang_ky#170)#209 AS muc_dang_ky_numeric#210][0m
[[34m2026-09-10T14:43:48.966+0000[0m] {[34msubprocess.py:[0m93} INFO[0m -                                                    +- Project [file_nguon#164, ma_chi_tieu#165, nhom_don_vi#166, quy_danh_gia#167, noi_dung_muc_tieu#168, dinh_ky_thu_thap#169, muc_dang_ky#170, muc_dat#171, clean_status_text(ket_qua_he_thong#172)#192 AS ket_qua_he_thong#193, nguyen_nhan#173, hanh_dong_khac_phuc#174, minh_chung_type#175, minh_chung_path#176, checksum_sha256#177][0m
[[34m2026-09-10T14:43:48.966+0000[0m] {[34msubprocess.py:[0m93} INFO[0m -                                                       +- Relation [file_nguon#164,ma_chi_tieu#165,nhom_don_vi#166,quy_danh_gia#167,noi_dung_muc_tieu#168,dinh_ky_thu_thap#169,muc_dang_ky#170,muc_dat#171,ket_qua_he_thong#172,nguyen_nhan#173,hanh_dong_khac_phuc#174,minh_chung_type#175,minh_chung_path#176,checksum_sha256#177] parquet[0m
[[34m2026-09-10T14:43:49.907+0000[0m] {[34msubprocess.py:[0m93} INFO[0m - [0m
[[34m2026-09-10T14:43:49.908+0000[0m] {[34msubprocess.py:[0m93} INFO[0m - Traceback (most recent call last):[0m
[[34m2026-09-10T14:43:49.909+0000[0m] {[34msubprocess.py:[0m93} INFO[0m -   File "/opt/airflow/spark/spark_bronze_to_silver.py", line 488, in <module>[0m
[[34m2026-09-10T14:43:49.915+0000[0m] {[34msubprocess.py:[0m93} INFO[0m -     main()[0m
[[34m2026-09-10T14:43:49.916+0000[0m] {[34msubprocess.py:[0m93} INFO[0m -   File "/opt/airflow/spark/spark_bronze_to_silver.py", line 482, in main[0m
[[34m2026-09-10T14:43:49.926+0000[0m] {[34msubprocess.py:[0m93} INFO[0m -     run_bronze_to_silver(spark, args.run_id)[0m
[[34m2026-09-10T14:43:49.927+0000[0m] {[34msubprocess.py:[0m93} INFO[0m -   File "/opt/airflow/spark/spark_bronze_to_silver.py", line 471, in run_bronze_to_silver[0m
[[34m2026-09-10T14:43:49.933+0000[0m] {[34msubprocess.py:[0m93} INFO[0m -     raise e[0m
[[34m2026-09-10T14:43:49.933+0000[0m] {[34msubprocess.py:[0m93} INFO[0m -   File "/opt/airflow/spark/spark_bronze_to_silver.py", line 393, in run_bronze_to_silver[0m
[[34m2026-09-10T14:43:49.937+0000[0m] {[34msubprocess.py:[0m93} INFO[0m -     spark.sql(f"""[0m
[[34m2026-09-10T14:43:49.938+0000[0m] {[34msubprocess.py:[0m93} INFO[0m -   File "/home/airflow/.local/lib/python3.10/site-packages/pyspark/sql/session.py", line 1631, in sql[0m
[[34m2026-09-10T14:43:49.939+0000[0m] {[34msubprocess.py:[0m93} INFO[0m -     return DataFrame(self._jsparkSession.sql(sqlQuery, litArgs), self)[0m
[[34m2026-09-10T14:43:49.940+0000[0m] {[34msubprocess.py:[0m93} INFO[0m -   File "/home/airflow/.local/lib/python3.10/site-packages/py4j/java_gateway.py", line 1322, in __call__[0m
[[34m2026-09-10T14:43:49.940+0000[0m] {[34msubprocess.py:[0m93} INFO[0m -     return_value = get_return_value([0m
[[34m2026-09-10T14:43:49.941+0000[0m] {[34msubprocess.py:[0m93} INFO[0m -   File "/home/airflow/.local/lib/python3.10/site-packages/pyspark/errors/exceptions/captured.py", line 185, in deco[0m
[[34m2026-09-10T14:43:49.941+0000[0m] {[34msubprocess.py:[0m93} INFO[0m -     raise converted from None[0m
[[34m2026-09-10T14:43:49.946+0000[0m] {[34msubprocess.py:[0m93} INFO[0m - pyspark.errors.exceptions.captured.AnalysisException: [INVALID_NON_DETERMINISTIC_EXPRESSIONS] The operator expects a deterministic expression, but the actual expression is "(((ma_chi_tieu = ma_chi_tieu) AND (quy_danh_gia = quy_danh_gia)) AND ((nhom_don_vi = nhom_don_vi) AND (file_nguon = file_nguon)))", "exists(ma_chi_tieu, quy_danh_gia, nhom_don_vi, file_nguon)".; line 2 pos 12;[0m
[[34m2026-09-10T14:43:49.947+0000[0m] {[34msubprocess.py:[0m93} INFO[0m - ReplaceData[0m
[[34m2026-09-10T14:43:49.947+0000[0m] {[34msubprocess.py:[0m93} INFO[0m - :  +- Filter (((outer(ma_chi_tieu#407) = ma_chi_tieu#451) AND (outer(quy_danh_gia#409) = quy_danh_gia#453)) AND ((outer(nhom_don_vi#408) = nhom_don_vi#452) AND (outer(file_nguon#406) = file_nguon#450)))[0m
[[34m2026-09-10T14:43:49.948+0000[0m] {[34msubprocess.py:[0m93} INFO[0m - :     +- SubqueryAlias s[0m
[[34m2026-09-10T14:43:49.949+0000[0m] {[34msubprocess.py:[0m93} INFO[0m - :        +- SubqueryAlias bronze_staging_view[0m
[[34m2026-09-10T14:43:49.949+0000[0m] {[34msubprocess.py:[0m93} INFO[0m - :           +- View (`bronze_staging_view`, [file_nguon#450,ma_chi_tieu#451,nhom_don_vi#452,quy_danh_gia#453,noi_dung_muc_tieu#454,dinh_ky_thu_thap#455,muc_dang_ky#456,muc_dat#457,ket_qua_he_thong#193,nguyen_nhan#459,hanh_dong_khac_phuc#460,minh_chung_type#461,minh_chung_path#462,checksum_sha256#463,muc_dang_ky_numeric#210,muc_dat_numeric#227,thoi_gian_ingest_silver#244])[0m
[[34m2026-09-10T14:43:49.950+0000[0m] {[34msubprocess.py:[0m93} INFO[0m - :              +- Filter ((((((isnotnull(ma_chi_tieu#451) AND NOT (ma_chi_tieu#451 = )) AND NOT (upper(ma_chi_tieu#451) = N/A)) AND isnotnull(quy_danh_gia#453)) AND RLIKE(quy_danh_gia#453, ^Q[1-4]/20\d{2}$)) AND isnotnull(ket_qua_he_thong#193)) AND NOT (ket_qua_he_thong#193 = ))[0m
[[34m2026-09-10T14:43:49.950+0000[0m] {[34msubprocess.py:[0m93} INFO[0m - :                 +- Project [file_nguon#450, ma_chi_tieu#451, nhom_don_vi#452, quy_danh_gia#453, noi_dung_muc_tieu#454, dinh_ky_thu_thap#455, muc_dang_ky#456, muc_dat#457, ket_qua_he_thong#193, nguyen_nhan#459, hanh_dong_khac_phuc#460, minh_chung_type#461, minh_chung_path#462, checksum_sha256#463, muc_dang_ky_numeric#210, muc_dat_numeric#227, thoi_gian_ingest_silver#244][0m
[[34m2026-09-10T14:43:49.950+0000[0m] {[34msubprocess.py:[0m93} INFO[0m - :                    +- Filter (_rn#282 = 1)[0m
[[34m2026-09-10T14:43:49.951+0000[0m] {[34msubprocess.py:[0m93} INFO[0m - :                       +- Project [file_nguon#450, ma_chi_tieu#451, nhom_don_vi#452, quy_danh_gia#453, noi_dung_muc_tieu#454, dinh_ky_thu_thap#455, muc_dang_ky#456, muc_dat#457, ket_qua_he_thong#193, nguyen_nhan#459, hanh_dong_khac_phuc#460, minh_chung_type#461, minh_chung_path#462, checksum_sha256#463, muc_dang_ky_numeric#210, muc_dat_numeric#227, thoi_gian_ingest_silver#244, _row_id#262L, _rn#282][0m
[[34m2026-09-10T14:43:49.951+0000[0m] {[34msubprocess.py:[0m93} INFO[0m - :                          +- Project [file_nguon#450, ma_chi_tieu#451, nhom_don_vi#452, quy_danh_gia#453, noi_dung_muc_tieu#454, dinh_ky_thu_thap#455, muc_dang_ky#456, muc_dat#457, ket_qua_he_thong#193, nguyen_nhan#459, hanh_dong_khac_phuc#460, minh_chung_type#461, minh_chung_path#462, checksum_sha256#463, muc_dang_ky_numeric#210, muc_dat_numeric#227, thoi_gian_ingest_silver#244, _row_id#262L, _rn#282, _rn#282][0m
[[34m2026-09-10T14:43:49.952+0000[0m] {[34msubprocess.py:[0m93} INFO[0m - :                             +- Window [row_number() windowspecdefinition(ma_chi_tieu#451, quy_danh_gia#453, thoi_gian_ingest_silver#244 DESC NULLS LAST, _row_id#262L DESC NULLS LAST, specifiedwindowframe(RowFrame, unboundedpreceding$(), currentrow$())) AS _rn#282], [ma_chi_tieu#451, quy_danh_gia#453], [thoi_gian_ingest_silver#244 DESC NULLS LAST, _row_id#262L DESC NULLS LAST][0m
[[34m2026-09-10T14:43:49.952+0000[0m] {[34msubprocess.py:[0m93} INFO[0m - :                                +- Project [file_nguon#450, ma_chi_tieu#451, nhom_don_vi#452, quy_danh_gia#453, noi_dung_muc_tieu#454, dinh_ky_thu_thap#455, muc_dang_ky#456, muc_dat#457, ket_qua_he_thong#193, nguyen_nhan#459, hanh_dong_khac_phuc#460, minh_chung_type#461, minh_chung_path#462, checksum_sha256#463, muc_dang_ky_numeric#210, muc_dat_numeric#227, thoi_gian_ingest_silver#244, _row_id#262L][0m
[[34m2026-09-10T14:43:49.952+0000[0m] {[34msubprocess.py:[0m93} INFO[0m - :                                   +- Project [file_nguon#450, ma_chi_tieu#451, nhom_don_vi#452, quy_danh_gia#453, noi_dung_muc_tieu#454, dinh_ky_thu_thap#455, muc_dang_ky#456, muc_dat#457, ket_qua_he_thong#193, nguyen_nhan#459, hanh_dong_khac_phuc#460, minh_chung_type#461, minh_chung_path#462, checksum_sha256#463, muc_dang_ky_numeric#210, muc_dat_numeric#227, thoi_gian_ingest_silver#244, monotonically_increasing_id() AS _row_id#262L][0m
[[34m2026-09-10T14:43:49.953+0000[0m] {[34msubprocess.py:[0m93} INFO[0m - :                                      +- Project [file_nguon#450, ma_chi_tieu#451, nhom_don_vi#452, quy_danh_gia#453, noi_dung_muc_tieu#454, dinh_ky_thu_thap#455, muc_dang_ky#456, muc_dat#457, ket_qua_he_thong#193, nguyen_nhan#459, hanh_dong_khac_phuc#460, minh_chung_type#461, minh_chung_path#462, checksum_sha256#463, muc_dang_ky_numeric#210, muc_dat_numeric#227, current_timestamp() AS thoi_gian_ingest_silver#244][0m
[[34m2026-09-10T14:43:49.953+0000[0m] {[34msubprocess.py:[0m93} INFO[0m - :                                         +- Project [file_nguon#450, ma_chi_tieu#451, nhom_don_vi#452, quy_danh_gia#453, noi_dung_muc_tieu#454, dinh_ky_thu_thap#455, muc_dang_ky#456, muc_dat#457, ket_qua_he_thong#193, nguyen_nhan#459, hanh_dong_khac_phuc#460, minh_chung_type#461, minh_chung_path#462, checksum_sha256#463, muc_dang_ky_numeric#210, parse_percent_or_number(muc_dat#457)#226 AS muc_dat_numeric#227][0m
[[34m2026-09-10T14:43:49.953+0000[0m] {[34msubprocess.py:[0m93} INFO[0m - :                                            +- Project [file_nguon#450, ma_chi_tieu#451, nhom_don_vi#452, quy_danh_gia#453, noi_dung_muc_tieu#454, dinh_ky_thu_thap#455, muc_dang_ky#456, muc_dat#457, ket_qua_he_thong#193, nguyen_nhan#459, hanh_dong_khac_phuc#460, minh_chung_type#461, minh_chung_path#462, checksum_sha256#463, parse_percent_or_number(muc_dang_ky#456)#209 AS muc_dang_ky_numeric#210][0m
[[34m2026-09-10T14:43:49.954+0000[0m] {[34msubprocess.py:[0m93} INFO[0m - :                                               +- Project [file_nguon#450, ma_chi_tieu#451, nhom_don_vi#452, quy_danh_gia#453, noi_dung_muc_tieu#454, dinh_ky_thu_thap#455, muc_dang_ky#456, muc_dat#457, clean_status_text(ket_qua_he_thong#458)#192 AS ket_qua_he_thong#193, nguyen_nhan#459, hanh_dong_khac_phuc#460, minh_chung_type#461, minh_chung_path#462, checksum_sha256#463][0m
[[34m2026-09-10T14:43:49.954+0000[0m] {[34msubprocess.py:[0m93} INFO[0m - :                                                  +- Relation [file_nguon#450,ma_chi_tieu#451,nhom_don_vi#452,quy_danh_gia#453,noi_dung_muc_tieu#454,dinh_ky_thu_thap#455,muc_dang_ky#456,muc_dat#457,ket_qua_he_thong#458,nguyen_nhan#459,hanh_dong_khac_phuc#460,minh_chung_type#461,minh_chung_path#462,checksum_sha256#463] parquet[0m
[[34m2026-09-10T14:43:49.954+0000[0m] {[34msubprocess.py:[0m93} INFO[0m - +- MergeRows[file_nguon#431, ma_chi_tieu#432, nhom_don_vi#433, quy_danh_gia#434, noi_dung_muc_tieu#435, dinh_ky_thu_thap#436, muc_dang_ky#437, muc_dang_ky_numeric#438, muc_dat#439, muc_dat_numeric#440, ket_qua_he_thong#441, hanh_dong_khac_phuc#442, minh_chung_type#443, minh_chung_path#444, checksum_sha256#445, thoi_gian_ingest_silver#446, nguyen_nhan#447, _file#448][0m
[[34m2026-09-10T14:43:49.955+0000[0m] {[34msubprocess.py:[0m93} INFO[0m -    +- Join FullOuter, (((ma_chi_tieu#407 = ma_chi_tieu#165) AND (quy_danh_gia#409 = quy_danh_gia#167)) AND ((nhom_don_vi#408 = nhom_don_vi#166) AND (file_nguon#406 = file_nguon#164))), leftHint=(strategy=no_broadcast_and_replication)[0m
[[34m2026-09-10T14:43:49.956+0000[0m] {[34msubprocess.py:[0m93} INFO[0m -       :- Project [file_nguon#406, ma_chi_tieu#407, nhom_don_vi#408, quy_danh_gia#409, noi_dung_muc_tieu#410, dinh_ky_thu_thap#411, muc_dang_ky#412, muc_dang_ky_numeric#413, muc_dat#414, muc_dat_numeric#415, ket_qua_he_thong#416, hanh_dong_khac_phuc#417, minh_chung_type#418, minh_chung_path#419, checksum_sha256#420, thoi_gian_ingest_silver#421, nguyen_nhan#422, _file#425, true AS __row_from_target#428, monotonically_increasing_id() AS __row_id#429L][0m
[[34m2026-09-10T14:43:49.956+0000[0m] {[34msubprocess.py:[0m93} INFO[0m -       :  +- RelationV2[file_nguon#406, ma_chi_tieu#407, nhom_don_vi#408, quy_danh_gia#409, noi_dung_muc_tieu#410, dinh_ky_thu_thap#411, muc_dang_ky#412, muc_dang_ky_numeric#413, muc_dat#414, muc_dat_numeric#415, ket_qua_he_thong#416, hanh_dong_khac_phuc#417, minh_chung_type#418, minh_chung_path#419, checksum_sha256#420, thoi_gian_ingest_silver#421, nguyen_nhan#422, _file#425] lakehouse.silver.kpi_cusc_master lakehouse.silver.kpi_cusc_master[0m
[[34m2026-09-10T14:43:49.958+0000[0m] {[34msubprocess.py:[0m93} INFO[0m -       +- Project [file_nguon#164, ma_chi_tieu#165, nhom_don_vi#166, quy_danh_gia#167, noi_dung_muc_tieu#168, dinh_ky_thu_thap#169, muc_dang_ky#170, muc_dat#171, ket_qua_he_thong#193, nguyen_nhan#173, hanh_dong_khac_phuc#174, minh_chung_type#175, minh_chung_path#176, checksum_sha256#177, muc_dang_ky_numeric#210, muc_dat_numeric#227, thoi_gian_ingest_silver#244, true AS __row_from_source#430][0m
[[34m2026-09-10T14:43:49.962+0000[0m] {[34msubprocess.py:[0m93} INFO[0m -          +- SubqueryAlias s[0m
[[34m2026-09-10T14:43:49.963+0000[0m] {[34msubprocess.py:[0m93} INFO[0m -             +- SubqueryAlias bronze_staging_view[0m
[[34m2026-09-10T14:43:49.964+0000[0m] {[34msubprocess.py:[0m93} INFO[0m -                +- View (`bronze_staging_view`, [file_nguon#164,ma_chi_tieu#165,nhom_don_vi#166,quy_danh_gia#167,noi_dung_muc_tieu#168,dinh_ky_thu_thap#169,muc_dang_ky#170,muc_dat#171,ket_qua_he_thong#193,nguyen_nhan#173,hanh_dong_khac_phuc#174,minh_chung_type#175,minh_chung_path#176,checksum_sha256#177,muc_dang_ky_numeric#210,muc_dat_numeric#227,thoi_gian_ingest_silver#244])[0m
[[34m2026-09-10T14:43:49.965+0000[0m] {[34msubprocess.py:[0m93} INFO[0m -                   +- Filter ((((((isnotnull(ma_chi_tieu#165) AND NOT (ma_chi_tieu#165 = )) AND NOT (upper(ma_chi_tieu#165) = N/A)) AND isnotnull(quy_danh_gia#167)) AND RLIKE(quy_danh_gia#167, ^Q[1-4]/20\d{2}$)) AND isnotnull(ket_qua_he_thong#193)) AND NOT (ket_qua_he_thong#193 = ))[0m
[[34m2026-09-10T14:43:49.966+0000[0m] {[34msubprocess.py:[0m93} INFO[0m -                      +- Project [file_nguon#164, ma_chi_tieu#165, nhom_don_vi#166, quy_danh_gia#167, noi_dung_muc_tieu#168, dinh_ky_thu_thap#169, muc_dang_ky#170, muc_dat#171, ket_qua_he_thong#193, nguyen_nhan#173, hanh_dong_khac_phuc#174, minh_chung_type#175, minh_chung_path#176, checksum_sha256#177, muc_dang_ky_numeric#210, muc_dat_numeric#227, thoi_gian_ingest_silver#244][0m
[[34m2026-09-10T14:43:49.966+0000[0m] {[34msubprocess.py:[0m93} INFO[0m -                         +- Filter (_rn#282 = 1)[0m
[[34m2026-09-10T14:43:49.967+0000[0m] {[34msubprocess.py:[0m93} INFO[0m -                            +- Project [file_nguon#164, ma_chi_tieu#165, nhom_don_vi#166, quy_danh_gia#167, noi_dung_muc_tieu#168, dinh_ky_thu_thap#169, muc_dang_ky#170, muc_dat#171, ket_qua_he_thong#193, nguyen_nhan#173, hanh_dong_khac_phuc#174, minh_chung_type#175, minh_chung_path#176, checksum_sha256#177, muc_dang_ky_numeric#210, muc_dat_numeric#227, thoi_gian_ingest_silver#244, _row_id#262L, _rn#282][0m
[[34m2026-09-10T14:43:49.967+0000[0m] {[34msubprocess.py:[0m93} INFO[0m -                               +- Project [file_nguon#164, ma_chi_tieu#165, nhom_don_vi#166, quy_danh_gia#167, noi_dung_muc_tieu#168, dinh_ky_thu_thap#169, muc_dang_ky#170, muc_dat#171, ket_qua_he_thong#193, nguyen_nhan#173, hanh_dong_khac_phuc#174, minh_chung_type#175, minh_chung_path#176, checksum_sha256#177, muc_dang_ky_numeric#210, muc_dat_numeric#227, thoi_gian_ingest_silver#244, _row_id#262L, _rn#282, _rn#282][0m
[[34m2026-09-10T14:43:49.967+0000[0m] {[34msubprocess.py:[0m93} INFO[0m -                                  +- Window [row_number() windowspecdefinition(ma_chi_tieu#165, quy_danh_gia#167, thoi_gian_ingest_silver#244 DESC NULLS LAST, _row_id#262L DESC NULLS LAST, specifiedwindowframe(RowFrame, unboundedpreceding$(), currentrow$())) AS _rn#282], [ma_chi_tieu#165, quy_danh_gia#167], [thoi_gian_ingest_silver#244 DESC NULLS LAST, _row_id#262L DESC NULLS LAST][0m
[[34m2026-09-10T14:43:49.968+0000[0m] {[34msubprocess.py:[0m93} INFO[0m -                                     +- Project [file_nguon#164, ma_chi_tieu#165, nhom_don_vi#166, quy_danh_gia#167, noi_dung_muc_tieu#168, dinh_ky_thu_thap#169, muc_dang_ky#170, muc_dat#171, ket_qua_he_thong#193, nguyen_nhan#173, hanh_dong_khac_phuc#174, minh_chung_type#175, minh_chung_path#176, checksum_sha256#177, muc_dang_ky_numeric#210, muc_dat_numeric#227, thoi_gian_ingest_silver#244, _row_id#262L][0m
[[34m2026-09-10T14:43:49.968+0000[0m] {[34msubprocess.py:[0m93} INFO[0m -                                        +- Project [file_nguon#164, ma_chi_tieu#165, nhom_don_vi#166, quy_danh_gia#167, noi_dung_muc_tieu#168, dinh_ky_thu_thap#169, muc_dang_ky#170, muc_dat#171, ket_qua_he_thong#193, nguyen_nhan#173, hanh_dong_khac_phuc#174, minh_chung_type#175, minh_chung_path#176, checksum_sha256#177, muc_dang_ky_numeric#210, muc_dat_numeric#227, thoi_gian_ingest_silver#244, monotonically_increasing_id() AS _row_id#262L][0m
[[34m2026-09-10T14:43:49.969+0000[0m] {[34msubprocess.py:[0m93} INFO[0m -                                           +- Project [file_nguon#164, ma_chi_tieu#165, nhom_don_vi#166, quy_danh_gia#167, noi_dung_muc_tieu#168, dinh_ky_thu_thap#169, muc_dang_ky#170, muc_dat#171, ket_qua_he_thong#193, nguyen_nhan#173, hanh_dong_khac_phuc#174, minh_chung_type#175, minh_chung_path#176, checksum_sha256#177, muc_dang_ky_numeric#210, muc_dat_numeric#227, current_timestamp() AS thoi_gian_ingest_silver#244][0m
[[34m2026-09-10T14:43:49.969+0000[0m] {[34msubprocess.py:[0m93} INFO[0m -                                              +- Project [file_nguon#164, ma_chi_tieu#165, nhom_don_vi#166, quy_danh_gia#167, noi_dung_muc_tieu#168, dinh_ky_thu_thap#169, muc_dang_ky#170, muc_dat#171, ket_qua_he_thong#193, nguyen_nhan#173, hanh_dong_khac_phuc#174, minh_chung_type#175, minh_chung_path#176, checksum_sha256#177, muc_dang_ky_numeric#210, parse_percent_or_number(muc_dat#171)#226 AS muc_dat_numeric#227][0m
[[34m2026-09-10T14:43:49.969+0000[0m] {[34msubprocess.py:[0m93} INFO[0m -                                                 +- Project [file_nguon#164, ma_chi_tieu#165, nhom_don_vi#166, quy_danh_gia#167, noi_dung_muc_tieu#168, dinh_ky_thu_thap#169, muc_dang_ky#170, muc_dat#171, ket_qua_he_thong#193, nguyen_nhan#173, hanh_dong_khac_phuc#174, minh_chung_type#175, minh_chung_path#176, checksum_sha256#177, parse_percent_or_number(muc_dang_ky#170)#209 AS muc_dang_ky_numeric#210][0m
[[34m2026-09-10T14:43:49.970+0000[0m] {[34msubprocess.py:[0m93} INFO[0m -                                                    +- Project [file_nguon#164, ma_chi_tieu#165, nhom_don_vi#166, quy_danh_gia#167, noi_dung_muc_tieu#168, dinh_ky_thu_thap#169, muc_dang_ky#170, muc_dat#171, clean_status_text(ket_qua_he_thong#172)#192 AS ket_qua_he_thong#193, nguyen_nhan#173, hanh_dong_khac_phuc#174, minh_chung_type#175, minh_chung_path#176, checksum_sha256#177][0m
[[34m2026-09-10T14:43:49.970+0000[0m] {[34msubprocess.py:[0m93} INFO[0m -                                                       +- Relation [file_nguon#164,ma_chi_tieu#165,nhom_don_vi#166,quy_danh_gia#167,noi_dung_muc_tieu#168,dinh_ky_thu_thap#169,muc_dang_ky#170,muc_dat#171,ket_qua_he_thong#172,nguyen_nhan#173,hanh_dong_khac_phuc#174,minh_chung_type#175,minh_chung_path#176,checksum_sha256#177] parquet[0m
[[34m2026-09-10T14:43:49.971+0000[0m] {[34msubprocess.py:[0m93} INFO[0m - [0m
[[34m2026-09-10T14:43:50.656+0000[0m] {[34msubprocess.py:[0m97} INFO[0m - Command exited with return code 1[0m
[[34m2026-09-10T14:43:50.659+0000[0m] {[34mtaskinstance.py:[0m441} INFO[0m - ::group::Post task execution logs[0m
