[2026-09-22T02:43:10.790+0000] {local_task_job_runner.py:120} INFO - ::group::Pre task execution logs
[2026-09-22T02:43:10.858+0000] {taskinstance.py:2076} INFO - Dependencies all met for dep_context=non-requeueable deps ti=<TaskInstance: lakehouse_pipeline.predictive_analysis manual__2026-09-22T02:41:52.602084+00:00 [queued]>
[2026-09-22T02:43:10.870+0000] {taskinstance.py:2076} INFO - Dependencies all met for dep_context=requeueable deps ti=<TaskInstance: lakehouse_pipeline.predictive_analysis manual__2026-09-22T02:41:52.602084+00:00 [queued]>
[2026-09-22T02:43:10.871+0000] {taskinstance.py:2306} INFO - Starting attempt 1 of 1
[2026-09-22T02:43:10.889+0000] {taskinstance.py:2330} INFO - Executing <Task(BashOperator): predictive_analysis> on 2026-09-22 02:41:52.602084+00:00
[2026-09-22T02:43:10.896+0000] {standard_task_runner.py:63} INFO - Started process 2756 to run task
[2026-09-22T02:43:10.900+0000] {standard_task_runner.py:90} INFO - Running: ['airflow', 'tasks', 'run', 'lakehouse_pipeline', 'predictive_analysis', 'manual__2026-09-22T02:41:52.602084+00:00', '--job-id', '700', '--raw', '--subdir', 'DAGS_FOLDER/lakehouse_pipeline.py', '--cfg-path', '/tmp/tmp1u71dnlc']
[2026-09-22T02:43:10.903+0000] {standard_task_runner.py:91} INFO - Job 700: Subtask predictive_analysis
[2026-09-22T02:43:10.980+0000] {task_command.py:426} INFO - Running <TaskInstance: lakehouse_pipeline.predictive_analysis manual__2026-09-22T02:41:52.602084+00:00 [running]> on host demo-airflow-scheduler
[2026-09-22T02:43:11.144+0000] {taskinstance.py:2648} INFO - Exporting env vars: AIRFLOW_CTX_DAG_OWNER='lakehouse' AIRFLOW_CTX_DAG_ID='lakehouse_pipeline' AIRFLOW_CTX_TASK_ID='predictive_analysis' AIRFLOW_CTX_EXECUTION_DATE='2026-09-22T02:41:52.602084+00:00' AIRFLOW_CTX_TRY_NUMBER='1' AIRFLOW_CTX_DAG_RUN_ID='manual__2026-09-22T02:41:52.602084+00:00'
[2026-09-22T02:43:11.145+0000] {taskinstance.py:430} INFO - ::endgroup::
[2026-09-22T02:43:11.162+0000] {subprocess.py:63} INFO - Tmp dir root location: /tmp
[2026-09-22T02:43:11.164+0000] {subprocess.py:75} INFO - Running command: ['/usr/bin/bash', '-c', 'cd /opt/airflow/spark && python spark_predictive_analysis.py']
[2026-09-22T02:43:11.176+0000] {subprocess.py:86} INFO - Output:
[2026-09-22T02:43:12.314+0000] {subprocess.py:93} INFO - /home/airflow/.local/lib/python3.10/site-packages/pyspark/bin/load-spark-env.sh: line 68: ps: command not found
[2026-09-22T02:43:15.441+0000] {subprocess.py:93} INFO - :: loading settings :: url = jar:file:/home/airflow/.local/lib/python3.10/site-packages/pyspark/jars/ivy-2.5.1.jar!/org/apache/ivy/core/settings/ivysettings.xml
[2026-09-22T02:43:15.540+0000] {subprocess.py:93} INFO - Ivy Default Cache set to: /home/airflow/.ivy2/cache
[2026-09-22T02:43:15.541+0000] {subprocess.py:93} INFO - The jars for the packages stored in: /home/airflow/.ivy2/jars
[2026-09-22T02:43:15.549+0000] {subprocess.py:93} INFO - org.apache.iceberg#iceberg-spark-runtime-3.5_2.12 added as a dependency
[2026-09-22T02:43:15.550+0000] {subprocess.py:93} INFO - org.projectnessie.nessie-integrations#nessie-spark-extensions-3.5_2.12 added as a dependency
[2026-09-22T02:43:15.551+0000] {subprocess.py:93} INFO - org.apache.hadoop#hadoop-aws added as a dependency
[2026-09-22T02:43:15.552+0000] {subprocess.py:93} INFO - :: resolving dependencies :: org.apache.spark#spark-submit-parent-f0c449a9-f764-4745-9fb2-1b972835bd99;1.0
[2026-09-22T02:43:15.552+0000] {subprocess.py:93} INFO - 	confs: [default]
[2026-09-22T02:43:15.742+0000] {subprocess.py:93} INFO - 	found org.apache.iceberg#iceberg-spark-runtime-3.5_2.12;1.4.3 in central
[2026-09-22T02:43:15.821+0000] {subprocess.py:93} INFO - 	found org.projectnessie.nessie-integrations#nessie-spark-extensions-3.5_2.12;0.77.1 in central
[2026-09-22T02:43:16.146+0000] {subprocess.py:93} INFO - 	found org.apache.hadoop#hadoop-aws;3.3.4 in central
[2026-09-22T02:43:16.258+0000] {subprocess.py:93} INFO - 	found com.amazonaws#aws-java-sdk-bundle;1.12.262 in central
[2026-09-22T02:43:16.360+0000] {subprocess.py:93} INFO - 	found org.wildfly.openssl#wildfly-openssl;1.0.7.Final in central
[2026-09-22T02:43:16.426+0000] {subprocess.py:93} INFO - :: resolution report :: resolve 848ms :: artifacts dl 26ms
[2026-09-22T02:43:16.428+0000] {subprocess.py:93} INFO - 	:: modules in use:
[2026-09-22T02:43:16.433+0000] {subprocess.py:93} INFO - 	com.amazonaws#aws-java-sdk-bundle;1.12.262 from central in [default]
[2026-09-22T02:43:16.437+0000] {subprocess.py:93} INFO - 	org.apache.hadoop#hadoop-aws;3.3.4 from central in [default]
[2026-09-22T02:43:16.450+0000] {subprocess.py:93} INFO - 	org.apache.iceberg#iceberg-spark-runtime-3.5_2.12;1.4.3 from central in [default]
[2026-09-22T02:43:16.454+0000] {subprocess.py:93} INFO - 	org.projectnessie.nessie-integrations#nessie-spark-extensions-3.5_2.12;0.77.1 from central in [default]
[2026-09-22T02:43:16.455+0000] {subprocess.py:93} INFO - 	org.wildfly.openssl#wildfly-openssl;1.0.7.Final from central in [default]
[2026-09-22T02:43:16.456+0000] {subprocess.py:93} INFO - 	---------------------------------------------------------------------
[2026-09-22T02:43:16.457+0000] {subprocess.py:93} INFO - 	|                  |            modules            ||   artifacts   |
[2026-09-22T02:43:16.458+0000] {subprocess.py:93} INFO - 	|       conf       | number| search|dwnlded|evicted|| number|dwnlded|
[2026-09-22T02:43:16.458+0000] {subprocess.py:93} INFO - 	---------------------------------------------------------------------
[2026-09-22T02:43:16.459+0000] {subprocess.py:93} INFO - 	|      default     |   5   |   0   |   0   |   0   ||   5   |   0   |
[2026-09-22T02:43:16.459+0000] {subprocess.py:93} INFO - 	---------------------------------------------------------------------
[2026-09-22T02:43:16.460+0000] {subprocess.py:93} INFO - :: retrieving :: org.apache.spark#spark-submit-parent-f0c449a9-f764-4745-9fb2-1b972835bd99
[2026-09-22T02:43:16.461+0000] {subprocess.py:93} INFO - 	confs: [default]
[2026-09-22T02:43:16.462+0000] {subprocess.py:93} INFO - 	0 artifacts copied, 5 already retrieved (0kB/18ms)
[2026-09-22T02:43:16.961+0000] {subprocess.py:93} INFO - 26/09/22 02:43:16 WARN NativeCodeLoader: Unable to load native-hadoop library for your platform... using builtin-java classes where applicable
[2026-09-22T02:43:17.417+0000] {subprocess.py:93} INFO - Setting default log level to "WARN".
[2026-09-22T02:43:17.418+0000] {subprocess.py:93} INFO - To adjust logging level use sc.setLogLevel(newLevel). For SparkR, use setLogLevel(newLevel).
[2026-09-22T02:43:40.806+0000] {subprocess.py:93} INFO - [Stage 0:>                                                          (0 + 1) / 1]                                                                                [Stage 3:>                                                          (0 + 1) / 1]                                                                                [Stage 7:>                                                          (0 + 1) / 1]                                                                                [Stage 9:>                                                          (0 + 1) / 1]                                                                                Khởi tạo Spark Engine tính toán dự đoán tương lai...
[2026-09-22T02:43:40.809+0000] {subprocess.py:93} INFO - 🌿 Đang tạo branch Nessie: 'predictive_analysis_20260922_024332' (từ 'main')...
[2026-09-22T02:43:40.810+0000] {subprocess.py:93} INFO - ✅ Đã tạo branch 'predictive_analysis_20260922_024332'.
[2026-09-22T02:43:40.811+0000] {subprocess.py:93} INFO - ➡️  Đang làm việc trên branch: 'predictive_analysis_20260922_024332'
[2026-09-22T02:43:40.812+0000] {subprocess.py:93} INFO - 🧊 Đang ghi Data Mart Dự đoán lên branch 'predictive_analysis_20260922_024332'...
[2026-09-22T02:43:40.812+0000] {subprocess.py:93} INFO - 🔀 Đang merge branch 'predictive_analysis_20260922_024332' vào 'main'...
[2026-09-22T02:43:40.813+0000] {subprocess.py:93} INFO - ✅ Đã merge 'predictive_analysis_20260922_024332' -> 'main' thành công.
[2026-09-22T02:43:40.813+0000] {subprocess.py:93} INFO - 
[2026-09-22T02:43:40.814+0000] {subprocess.py:93} INFO - 🌟 HOÀN THÀNH TÍNH TOÁN DỰ ĐOÁN!
[2026-09-22T02:43:41.287+0000] {subprocess.py:97} INFO - Command exited with return code 0
[2026-09-22T02:43:41.288+0000] {taskinstance.py:441} INFO - ::group::Post task execution logs
[2026-09-22T02:43:41.336+0000] {taskinstance.py:1206} INFO - Marking task as SUCCESS. dag_id=lakehouse_pipeline, task_id=predictive_analysis, run_id=manual__2026-09-22T02:41:52.602084+00:00, execution_date=20260922T024152, start_date=20260922T024310, end_date=20260922T024341
[2026-09-22T02:43:41.411+0000] {local_task_job_runner.py:240} INFO - Task exited with return code 0
[2026-09-22T02:43:41.453+0000] {taskinstance.py:3503} INFO - 0 downstream tasks scheduled from follow-on schedule check
[2026-09-22T02:43:41.463+0000] {local_task_job_runner.py:222} INFO - ::endgroup::
