[2026-09-22T02:42:11.242+0000] {local_task_job_runner.py:120} INFO - ::group::Pre task execution logs
[2026-09-22T02:42:11.277+0000] {taskinstance.py:2076} INFO - Dependencies all met for dep_context=non-requeueable deps ti=<TaskInstance: lakehouse_pipeline.bronze_to_silver manual__2026-09-22T02:41:52.602084+00:00 [queued]>
[2026-09-22T02:42:11.287+0000] {taskinstance.py:2076} INFO - Dependencies all met for dep_context=requeueable deps ti=<TaskInstance: lakehouse_pipeline.bronze_to_silver manual__2026-09-22T02:41:52.602084+00:00 [queued]>
[2026-09-22T02:42:11.287+0000] {taskinstance.py:2306} INFO - Starting attempt 1 of 1
[2026-09-22T02:42:11.301+0000] {taskinstance.py:2330} INFO - Executing <Task(BashOperator): bronze_to_silver> on 2026-09-22 02:41:52.602084+00:00
[2026-09-22T02:42:11.307+0000] {standard_task_runner.py:63} INFO - Started process 1795 to run task
[2026-09-22T02:42:11.311+0000] {standard_task_runner.py:90} INFO - Running: ['airflow', 'tasks', 'run', 'lakehouse_pipeline', 'bronze_to_silver', 'manual__2026-09-22T02:41:52.602084+00:00', '--job-id', '698', '--raw', '--subdir', 'DAGS_FOLDER/lakehouse_pipeline.py', '--cfg-path', '/tmp/tmpwsntv7hm']
[2026-09-22T02:42:11.313+0000] {standard_task_runner.py:91} INFO - Job 698: Subtask bronze_to_silver
[2026-09-22T02:42:11.373+0000] {task_command.py:426} INFO - Running <TaskInstance: lakehouse_pipeline.bronze_to_silver manual__2026-09-22T02:41:52.602084+00:00 [running]> on host demo-airflow-scheduler
[2026-09-22T02:42:11.487+0000] {taskinstance.py:2648} INFO - Exporting env vars: AIRFLOW_CTX_DAG_OWNER='lakehouse' AIRFLOW_CTX_DAG_ID='lakehouse_pipeline' AIRFLOW_CTX_TASK_ID='bronze_to_silver' AIRFLOW_CTX_EXECUTION_DATE='2026-09-22T02:41:52.602084+00:00' AIRFLOW_CTX_TRY_NUMBER='1' AIRFLOW_CTX_DAG_RUN_ID='manual__2026-09-22T02:41:52.602084+00:00'
[2026-09-22T02:42:11.488+0000] {taskinstance.py:430} INFO - ::endgroup::
[2026-09-22T02:42:11.501+0000] {subprocess.py:63} INFO - Tmp dir root location: /tmp
[2026-09-22T02:42:11.502+0000] {subprocess.py:75} INFO - Running command: ['/usr/bin/bash', '-c', 'cd /opt/airflow/spark && python spark_bronze_to_silver.py --run_id manual__2026-09-22T02:41:52.602084+00:00']
[2026-09-22T02:42:11.513+0000] {subprocess.py:86} INFO - Output:
[2026-09-22T02:42:12.547+0000] {subprocess.py:93} INFO - /home/airflow/.local/lib/python3.10/site-packages/pyspark/bin/load-spark-env.sh: line 68: ps: command not found
[2026-09-22T02:42:14.385+0000] {subprocess.py:93} INFO - :: loading settings :: url = jar:file:/home/airflow/.local/lib/python3.10/site-packages/pyspark/jars/ivy-2.5.1.jar!/org/apache/ivy/core/settings/ivysettings.xml
[2026-09-22T02:42:14.484+0000] {subprocess.py:93} INFO - Ivy Default Cache set to: /home/airflow/.ivy2/cache
[2026-09-22T02:42:14.486+0000] {subprocess.py:93} INFO - The jars for the packages stored in: /home/airflow/.ivy2/jars
[2026-09-22T02:42:14.501+0000] {subprocess.py:93} INFO - org.apache.iceberg#iceberg-spark-runtime-3.5_2.12 added as a dependency
[2026-09-22T02:42:14.502+0000] {subprocess.py:93} INFO - org.projectnessie.nessie-integrations#nessie-spark-extensions-3.5_2.12 added as a dependency
[2026-09-22T02:42:14.503+0000] {subprocess.py:93} INFO - org.apache.hadoop#hadoop-aws added as a dependency
[2026-09-22T02:42:14.503+0000] {subprocess.py:93} INFO - :: resolving dependencies :: org.apache.spark#spark-submit-parent-35cd29f2-41bb-498d-bb85-d3c169e9700a;1.0
[2026-09-22T02:42:14.504+0000] {subprocess.py:93} INFO - 	confs: [default]
[2026-09-22T02:42:14.641+0000] {subprocess.py:93} INFO - 	found org.apache.iceberg#iceberg-spark-runtime-3.5_2.12;1.4.3 in central
[2026-09-22T02:42:14.664+0000] {subprocess.py:93} INFO - 	found org.projectnessie.nessie-integrations#nessie-spark-extensions-3.5_2.12;0.77.1 in central
[2026-09-22T02:42:14.738+0000] {subprocess.py:93} INFO - 	found org.apache.hadoop#hadoop-aws;3.3.4 in central
[2026-09-22T02:42:14.756+0000] {subprocess.py:93} INFO - 	found com.amazonaws#aws-java-sdk-bundle;1.12.262 in central
[2026-09-22T02:42:14.777+0000] {subprocess.py:93} INFO - 	found org.wildfly.openssl#wildfly-openssl;1.0.7.Final in central
[2026-09-22T02:42:14.803+0000] {subprocess.py:93} INFO - :: resolution report :: resolve 296ms :: artifacts dl 12ms
[2026-09-22T02:42:14.805+0000] {subprocess.py:93} INFO - 	:: modules in use:
[2026-09-22T02:42:14.805+0000] {subprocess.py:93} INFO - 	com.amazonaws#aws-java-sdk-bundle;1.12.262 from central in [default]
[2026-09-22T02:42:14.806+0000] {subprocess.py:93} INFO - 	org.apache.hadoop#hadoop-aws;3.3.4 from central in [default]
[2026-09-22T02:42:14.806+0000] {subprocess.py:93} INFO - 	org.apache.iceberg#iceberg-spark-runtime-3.5_2.12;1.4.3 from central in [default]
[2026-09-22T02:42:14.807+0000] {subprocess.py:93} INFO - 	org.projectnessie.nessie-integrations#nessie-spark-extensions-3.5_2.12;0.77.1 from central in [default]
[2026-09-22T02:42:14.807+0000] {subprocess.py:93} INFO - 	org.wildfly.openssl#wildfly-openssl;1.0.7.Final from central in [default]
[2026-09-22T02:42:14.807+0000] {subprocess.py:93} INFO - 	---------------------------------------------------------------------
[2026-09-22T02:42:14.808+0000] {subprocess.py:93} INFO - 	|                  |            modules            ||   artifacts   |
[2026-09-22T02:42:14.808+0000] {subprocess.py:93} INFO - 	|       conf       | number| search|dwnlded|evicted|| number|dwnlded|
[2026-09-22T02:42:14.809+0000] {subprocess.py:93} INFO - 	---------------------------------------------------------------------
[2026-09-22T02:42:14.809+0000] {subprocess.py:93} INFO - 	|      default     |   5   |   0   |   0   |   0   ||   5   |   0   |
[2026-09-22T02:42:14.810+0000] {subprocess.py:93} INFO - 	---------------------------------------------------------------------
[2026-09-22T02:42:14.811+0000] {subprocess.py:93} INFO - :: retrieving :: org.apache.spark#spark-submit-parent-35cd29f2-41bb-498d-bb85-d3c169e9700a
[2026-09-22T02:42:14.811+0000] {subprocess.py:93} INFO - 	confs: [default]
[2026-09-22T02:42:14.816+0000] {subprocess.py:93} INFO - 	0 artifacts copied, 5 already retrieved (0kB/5ms)
[2026-09-22T02:42:15.002+0000] {subprocess.py:93} INFO - 26/09/22 02:42:15 WARN NativeCodeLoader: Unable to load native-hadoop library for your platform... using builtin-java classes where applicable
[2026-09-22T02:42:15.178+0000] {subprocess.py:93} INFO - Setting default log level to "WARN".
[2026-09-22T02:42:15.179+0000] {subprocess.py:93} INFO - To adjust logging level use sc.setLogLevel(newLevel). For SparkR, use setLogLevel(newLevel).
[2026-09-22T02:42:22.880+0000] {subprocess.py:93} INFO - 26/09/22 02:42:22 WARN MetricsConfig: Cannot locate configuration: tried hadoop-metrics2-s3a-file-system.properties,hadoop-metrics2.properties
[2026-09-22T02:42:40.273+0000] {subprocess.py:93} INFO - [Stage 0:>                                                          (0 + 1) / 1]                                                                                [Stage 9:>                                                          (0 + 1) / 1]                                                                                [Stage 16:>                                                         (0 + 1) / 1]                                                                                ✅ Đã đảm bảo bảng lakehouse.silver.kpi_cusc_master tồn tại.
[2026-09-22T02:42:40.275+0000] {subprocess.py:93} INFO - 📁 Tìm thấy 1 file Bronze Parquet cần nạp vào Silver...
[2026-09-22T02:42:40.275+0000] {subprocess.py:93} INFO - 🌿 Đang tạo branch Nessie: 'ingest_bronze_silver_20260922_024224' (từ 'main')...
[2026-09-22T02:42:40.276+0000] {subprocess.py:93} INFO - ✅ Đã tạo branch 'ingest_bronze_silver_20260922_024224'.
[2026-09-22T02:42:40.276+0000] {subprocess.py:93} INFO - ➡️  Đang làm việc trên branch: 'ingest_bronze_silver_20260922_024224'
[2026-09-22T02:42:40.277+0000] {subprocess.py:93} INFO - ✅ Đã đảm bảo bảng lakehouse.silver.kpi_cusc_master tồn tại.
[2026-09-22T02:42:40.277+0000] {subprocess.py:93} INFO - ✅ Đã ghi/cập nhật dữ liệu vào bảng Iceberg trên branch 'ingest_bronze_silver_20260922_024224'.
[2026-09-22T02:42:40.278+0000] {subprocess.py:93} INFO - 🔍 Đang kiểm tra chất lượng dữ liệu Silver trên branch hiện tại...
[2026-09-22T02:42:40.278+0000] {subprocess.py:93} INFO - ✅ Dữ liệu đạt chất lượng: 4208 dòng, không NULL khoá chính, không trùng checksum, không trùng (nhom_don_vi, ma_chi_tieu, quy_danh_gia), không còn kỳ đánh giá UNKNOWN_KY.
[2026-09-22T02:42:40.279+0000] {subprocess.py:93} INFO - 🔀 Đang merge branch 'ingest_bronze_silver_20260922_024224' vào 'main'...
[2026-09-22T02:42:40.279+0000] {subprocess.py:93} INFO - ✅ Đã merge 'ingest_bronze_silver_20260922_024224' -> 'main' thành công.
[2026-09-22T02:42:40.280+0000] {subprocess.py:93} INFO - 🗑️ Đã archive 2 file Parquet Bronze sang 'bronze_archive/'.
[2026-09-22T02:42:40.280+0000] {subprocess.py:93} INFO - 
[2026-09-22T02:42:40.281+0000] {subprocess.py:93} INFO - 📊 CHI TIẾT DỮ LIỆU TRONG BẢNG ICEBERG SILVER (main):
[2026-09-22T02:42:40.281+0000] {subprocess.py:93} INFO - +-----------+-----------+------------+----------------+-----------+-------+----------------+
[2026-09-22T02:42:40.281+0000] {subprocess.py:93} INFO - |ma_chi_tieu|nhom_don_vi|quy_danh_gia|dinh_ky_thu_thap|muc_dang_ky|muc_dat|ket_qua_he_thong|
[2026-09-22T02:42:40.282+0000] {subprocess.py:93} INFO - +-----------+-----------+------------+----------------+-----------+-------+----------------+
[2026-09-22T02:42:40.282+0000] {subprocess.py:93} INFO - |ATTT-MT01  |NULL       |Q1/2018     |Tháng           |100%       |100%   |DAT             |
[2026-09-22T02:42:40.283+0000] {subprocess.py:93} INFO - |ATTT-MT01  |NULL       |Q1/2019     |Tháng           |100%       |100%   |DAT             |
[2026-09-22T02:42:40.283+0000] {subprocess.py:93} INFO - |ATTT-MT01  |NULL       |Q1/2020     |Tháng           |100%       |100%   |DAT             |
[2026-09-22T02:42:40.284+0000] {subprocess.py:93} INFO - |ATTT-MT01  |NULL       |Q1/2021     |Tháng           |100%       |100%   |DAT             |
[2026-09-22T02:42:40.284+0000] {subprocess.py:93} INFO - |ATTT-MT01  |NULL       |Q1/2022     |Tháng           |100%       |100%   |DAT             |
[2026-09-22T02:42:40.285+0000] {subprocess.py:93} INFO - |ATTT-MT01  |NULL       |Q1/2023     |Tháng           |100%       |100%   |DAT             |
[2026-09-22T02:42:40.285+0000] {subprocess.py:93} INFO - |ATTT-MT01  |NULL       |Q1/2024     |Tháng           |100%       |100%   |DAT             |
[2026-09-22T02:42:40.285+0000] {subprocess.py:93} INFO - |ATTT-MT01  |NULL       |Q1/2025     |Tháng           |100%       |100%   |DAT             |
[2026-09-22T02:42:40.286+0000] {subprocess.py:93} INFO - |ATTT-MT01  |NULL       |Q1/2026     |Tháng           |100%       |100%   |DAT             |
[2026-09-22T02:42:40.286+0000] {subprocess.py:93} INFO - |ATTT-MT01  |NULL       |Q2/2018     |Tháng           |100%       |100%   |DAT             |
[2026-09-22T02:42:40.286+0000] {subprocess.py:93} INFO - |ATTT-MT01  |NULL       |Q2/2019     |Tháng           |100%       |100%   |DAT             |
[2026-09-22T02:42:40.287+0000] {subprocess.py:93} INFO - |ATTT-MT01  |NULL       |Q2/2020     |Tháng           |100%       |100%   |DAT             |
[2026-09-22T02:42:40.287+0000] {subprocess.py:93} INFO - |ATTT-MT01  |NULL       |Q2/2021     |Tháng           |100%       |100%   |DAT             |
[2026-09-22T02:42:40.288+0000] {subprocess.py:93} INFO - |ATTT-MT01  |NULL       |Q2/2022     |Tháng           |100%       |100%   |DAT             |
[2026-09-22T02:42:40.288+0000] {subprocess.py:93} INFO - |ATTT-MT01  |NULL       |Q2/2023     |Tháng           |100%       |100%   |DAT             |
[2026-09-22T02:42:40.289+0000] {subprocess.py:93} INFO - |ATTT-MT01  |NULL       |Q2/2024     |Tháng           |100%       |100%   |DAT             |
[2026-09-22T02:42:40.289+0000] {subprocess.py:93} INFO - |ATTT-MT01  |NULL       |Q2/2025     |Tháng           |100%       |100%   |DAT             |
[2026-09-22T02:42:40.290+0000] {subprocess.py:93} INFO - |ATTT-MT01  |NULL       |Q2/2026     |Tháng           |100%       |100%   |DAT             |
[2026-09-22T02:42:40.290+0000] {subprocess.py:93} INFO - |ATTT-MT01  |NULL       |Q3/2018     |Tháng           |100%       |98%    |KHONG_DAT       |
[2026-09-22T02:42:40.290+0000] {subprocess.py:93} INFO - |ATTT-MT01  |NULL       |Q3/2019     |Tháng           |100%       |98%    |KHONG_DAT       |
[2026-09-22T02:42:40.291+0000] {subprocess.py:93} INFO - +-----------+-----------+------------+----------------+-----------+-------+----------------+
[2026-09-22T02:42:40.291+0000] {subprocess.py:93} INFO - only showing top 20 rows
[2026-09-22T02:42:40.292+0000] {subprocess.py:93} INFO - 
[2026-09-22T02:42:40.293+0000] {subprocess.py:93} INFO - ⚠️ Không đẩy được lineage lên OpenMetadata (bỏ qua): OpenMetadata client chưa sẵn sàng: No module named 'metadata'. Cài đặt package openmetadata-ingestion để bật lineage, hoặc bỏ qua bước này.
[2026-09-22T02:42:40.872+0000] {subprocess.py:97} INFO - Command exited with return code 0
[2026-09-22T02:42:40.873+0000] {taskinstance.py:441} INFO - ::group::Post task execution logs
[2026-09-22T02:42:40.927+0000] {taskinstance.py:1206} INFO - Marking task as SUCCESS. dag_id=lakehouse_pipeline, task_id=bronze_to_silver, run_id=manual__2026-09-22T02:41:52.602084+00:00, execution_date=20260922T024152, start_date=20260922T024211, end_date=20260922T024240
[2026-09-22T02:42:40.958+0000] {local_task_job_runner.py:240} INFO - Task exited with return code 0
[2026-09-22T02:42:41.005+0000] {taskinstance.py:3503} INFO - 1 downstream tasks scheduled from follow-on schedule check
[2026-09-22T02:42:41.007+0000] {local_task_job_runner.py:222} INFO - ::endgroup::
