[2026-09-22T02:20:17.089+0000] {processor.py:161} INFO - Started process (PID=164) to work on /opt/airflow/dags/lakehouse_pipeline.py
[2026-09-22T02:20:17.092+0000] {processor.py:830} INFO - Processing file /opt/airflow/dags/lakehouse_pipeline.py for tasks to queue
[2026-09-22T02:20:17.096+0000] {logging_mixin.py:188} INFO - [2026-09-22T02:20:17.096+0000] {dagbag.py:545} INFO - Filling up the DagBag from /opt/airflow/dags/lakehouse_pipeline.py
[2026-09-22T02:20:17.146+0000] {processor.py:840} INFO - DAG(s) 'lakehouse_pipeline' retrieved from /opt/airflow/dags/lakehouse_pipeline.py
[2026-09-22T02:20:17.578+0000] {logging_mixin.py:188} INFO - [2026-09-22T02:20:17.578+0000] {dag.py:3096} INFO - Sync 1 DAGs
[2026-09-22T02:20:17.597+0000] {logging_mixin.py:188} INFO - [2026-09-22T02:20:17.597+0000] {dag.py:3954} INFO - Setting next_dagrun for lakehouse_pipeline to None, run_after=None
[2026-09-22T02:20:17.631+0000] {processor.py:183} INFO - Processing /opt/airflow/dags/lakehouse_pipeline.py took 0.556 seconds
[2026-09-22T02:20:47.881+0000] {processor.py:161} INFO - Started process (PID=169) to work on /opt/airflow/dags/lakehouse_pipeline.py
[2026-09-22T02:20:47.883+0000] {processor.py:830} INFO - Processing file /opt/airflow/dags/lakehouse_pipeline.py for tasks to queue
[2026-09-22T02:20:47.886+0000] {logging_mixin.py:188} INFO - [2026-09-22T02:20:47.885+0000] {dagbag.py:545} INFO - Filling up the DagBag from /opt/airflow/dags/lakehouse_pipeline.py
[2026-09-22T02:20:47.910+0000] {processor.py:840} INFO - DAG(s) 'lakehouse_pipeline' retrieved from /opt/airflow/dags/lakehouse_pipeline.py
[2026-09-22T02:20:47.953+0000] {logging_mixin.py:188} INFO - [2026-09-22T02:20:47.953+0000] {dag.py:3096} INFO - Sync 1 DAGs
[2026-09-22T02:20:47.974+0000] {logging_mixin.py:188} INFO - [2026-09-22T02:20:47.973+0000] {dag.py:3954} INFO - Setting next_dagrun for lakehouse_pipeline to None, run_after=None
[2026-09-22T02:20:48.000+0000] {processor.py:183} INFO - Processing /opt/airflow/dags/lakehouse_pipeline.py took 0.129 seconds
[2026-09-22T02:21:18.071+0000] {processor.py:161} INFO - Started process (PID=174) to work on /opt/airflow/dags/lakehouse_pipeline.py
[2026-09-22T02:21:18.072+0000] {processor.py:830} INFO - Processing file /opt/airflow/dags/lakehouse_pipeline.py for tasks to queue
[2026-09-22T02:21:18.074+0000] {logging_mixin.py:188} INFO - [2026-09-22T02:21:18.074+0000] {dagbag.py:545} INFO - Filling up the DagBag from /opt/airflow/dags/lakehouse_pipeline.py
[2026-09-22T02:21:18.094+0000] {processor.py:840} INFO - DAG(s) 'lakehouse_pipeline' retrieved from /opt/airflow/dags/lakehouse_pipeline.py
[2026-09-22T02:21:18.134+0000] {logging_mixin.py:188} INFO - [2026-09-22T02:21:18.133+0000] {dag.py:3096} INFO - Sync 1 DAGs
[2026-09-22T02:21:18.152+0000] {logging_mixin.py:188} INFO - [2026-09-22T02:21:18.152+0000] {dag.py:3954} INFO - Setting next_dagrun for lakehouse_pipeline to None, run_after=None
[2026-09-22T02:21:18.175+0000] {processor.py:183} INFO - Processing /opt/airflow/dags/lakehouse_pipeline.py took 0.110 seconds
[2026-09-22T02:21:48.297+0000] {processor.py:161} INFO - Started process (PID=179) to work on /opt/airflow/dags/lakehouse_pipeline.py
[2026-09-22T02:21:48.299+0000] {processor.py:830} INFO - Processing file /opt/airflow/dags/lakehouse_pipeline.py for tasks to queue
[2026-09-22T02:21:48.302+0000] {logging_mixin.py:188} INFO - [2026-09-22T02:21:48.302+0000] {dagbag.py:545} INFO - Filling up the DagBag from /opt/airflow/dags/lakehouse_pipeline.py
[2026-09-22T02:21:48.347+0000] {processor.py:840} INFO - DAG(s) 'lakehouse_pipeline' retrieved from /opt/airflow/dags/lakehouse_pipeline.py
[2026-09-22T02:21:48.472+0000] {logging_mixin.py:188} INFO - [2026-09-22T02:21:48.472+0000] {dag.py:3096} INFO - Sync 1 DAGs
[2026-09-22T02:21:48.516+0000] {logging_mixin.py:188} INFO - [2026-09-22T02:21:48.516+0000] {dag.py:3954} INFO - Setting next_dagrun for lakehouse_pipeline to None, run_after=None
[2026-09-22T02:21:48.546+0000] {processor.py:183} INFO - Processing /opt/airflow/dags/lakehouse_pipeline.py took 0.260 seconds
[2026-09-22T02:22:18.631+0000] {processor.py:161} INFO - Started process (PID=184) to work on /opt/airflow/dags/lakehouse_pipeline.py
[2026-09-22T02:22:18.632+0000] {processor.py:830} INFO - Processing file /opt/airflow/dags/lakehouse_pipeline.py for tasks to queue
[2026-09-22T02:22:18.634+0000] {logging_mixin.py:188} INFO - [2026-09-22T02:22:18.634+0000] {dagbag.py:545} INFO - Filling up the DagBag from /opt/airflow/dags/lakehouse_pipeline.py
[2026-09-22T02:22:18.655+0000] {processor.py:840} INFO - DAG(s) 'lakehouse_pipeline' retrieved from /opt/airflow/dags/lakehouse_pipeline.py
[2026-09-22T02:22:18.690+0000] {logging_mixin.py:188} INFO - [2026-09-22T02:22:18.689+0000] {dag.py:3096} INFO - Sync 1 DAGs
[2026-09-22T02:22:18.715+0000] {logging_mixin.py:188} INFO - [2026-09-22T02:22:18.714+0000] {dag.py:3954} INFO - Setting next_dagrun for lakehouse_pipeline to None, run_after=None
[2026-09-22T02:22:18.741+0000] {processor.py:183} INFO - Processing /opt/airflow/dags/lakehouse_pipeline.py took 0.121 seconds
[2026-09-22T02:22:48.825+0000] {processor.py:161} INFO - Started process (PID=189) to work on /opt/airflow/dags/lakehouse_pipeline.py
[2026-09-22T02:22:48.826+0000] {processor.py:830} INFO - Processing file /opt/airflow/dags/lakehouse_pipeline.py for tasks to queue
[2026-09-22T02:22:48.829+0000] {logging_mixin.py:188} INFO - [2026-09-22T02:22:48.828+0000] {dagbag.py:545} INFO - Filling up the DagBag from /opt/airflow/dags/lakehouse_pipeline.py
[2026-09-22T02:22:48.858+0000] {processor.py:840} INFO - DAG(s) 'lakehouse_pipeline' retrieved from /opt/airflow/dags/lakehouse_pipeline.py
[2026-09-22T02:22:48.908+0000] {logging_mixin.py:188} INFO - [2026-09-22T02:22:48.907+0000] {dag.py:3096} INFO - Sync 1 DAGs
[2026-09-22T02:22:48.931+0000] {logging_mixin.py:188} INFO - [2026-09-22T02:22:48.930+0000] {dag.py:3954} INFO - Setting next_dagrun for lakehouse_pipeline to None, run_after=None
[2026-09-22T02:22:48.959+0000] {processor.py:183} INFO - Processing /opt/airflow/dags/lakehouse_pipeline.py took 0.143 seconds
[2026-09-22T02:23:20.391+0000] {processor.py:161} INFO - Started process (PID=200) to work on /opt/airflow/dags/lakehouse_pipeline.py
[2026-09-22T02:23:20.396+0000] {processor.py:830} INFO - Processing file /opt/airflow/dags/lakehouse_pipeline.py for tasks to queue
[2026-09-22T02:23:20.427+0000] {logging_mixin.py:188} INFO - [2026-09-22T02:23:20.426+0000] {dagbag.py:545} INFO - Filling up the DagBag from /opt/airflow/dags/lakehouse_pipeline.py
[2026-09-22T02:23:20.980+0000] {processor.py:840} INFO - DAG(s) 'lakehouse_pipeline' retrieved from /opt/airflow/dags/lakehouse_pipeline.py
[2026-09-22T02:23:21.352+0000] {logging_mixin.py:188} INFO - [2026-09-22T02:23:21.352+0000] {dag.py:3096} INFO - Sync 1 DAGs
[2026-09-22T02:23:21.510+0000] {logging_mixin.py:188} INFO - [2026-09-22T02:23:21.510+0000] {dag.py:3954} INFO - Setting next_dagrun for lakehouse_pipeline to None, run_after=None
[2026-09-22T02:23:21.733+0000] {processor.py:183} INFO - Processing /opt/airflow/dags/lakehouse_pipeline.py took 1.387 seconds
[2026-09-22T02:23:52.700+0000] {processor.py:161} INFO - Started process (PID=211) to work on /opt/airflow/dags/lakehouse_pipeline.py
[2026-09-22T02:23:52.703+0000] {processor.py:830} INFO - Processing file /opt/airflow/dags/lakehouse_pipeline.py for tasks to queue
[2026-09-22T02:23:52.714+0000] {logging_mixin.py:188} INFO - [2026-09-22T02:23:52.713+0000] {dagbag.py:545} INFO - Filling up the DagBag from /opt/airflow/dags/lakehouse_pipeline.py
[2026-09-22T02:23:52.784+0000] {processor.py:840} INFO - DAG(s) 'lakehouse_pipeline' retrieved from /opt/airflow/dags/lakehouse_pipeline.py
[2026-09-22T02:23:52.940+0000] {logging_mixin.py:188} INFO - [2026-09-22T02:23:52.940+0000] {dag.py:3096} INFO - Sync 1 DAGs
[2026-09-22T02:23:53.034+0000] {logging_mixin.py:188} INFO - [2026-09-22T02:23:53.033+0000] {dag.py:3954} INFO - Setting next_dagrun for lakehouse_pipeline to None, run_after=None
[2026-09-22T02:23:53.106+0000] {processor.py:183} INFO - Processing /opt/airflow/dags/lakehouse_pipeline.py took 0.431 seconds
[2026-09-22T02:24:23.845+0000] {processor.py:161} INFO - Started process (PID=222) to work on /opt/airflow/dags/lakehouse_pipeline.py
[2026-09-22T02:24:23.847+0000] {processor.py:830} INFO - Processing file /opt/airflow/dags/lakehouse_pipeline.py for tasks to queue
[2026-09-22T02:24:23.851+0000] {logging_mixin.py:188} INFO - [2026-09-22T02:24:23.850+0000] {dagbag.py:545} INFO - Filling up the DagBag from /opt/airflow/dags/lakehouse_pipeline.py
[2026-09-22T02:24:23.901+0000] {processor.py:840} INFO - DAG(s) 'lakehouse_pipeline' retrieved from /opt/airflow/dags/lakehouse_pipeline.py
[2026-09-22T02:24:23.977+0000] {logging_mixin.py:188} INFO - [2026-09-22T02:24:23.977+0000] {dag.py:3096} INFO - Sync 1 DAGs
[2026-09-22T02:24:24.000+0000] {logging_mixin.py:188} INFO - [2026-09-22T02:24:24.000+0000] {dag.py:3954} INFO - Setting next_dagrun for lakehouse_pipeline to None, run_after=None
[2026-09-22T02:24:24.060+0000] {processor.py:183} INFO - Processing /opt/airflow/dags/lakehouse_pipeline.py took 0.232 seconds
[2026-09-22T02:24:54.387+0000] {processor.py:161} INFO - Started process (PID=227) to work on /opt/airflow/dags/lakehouse_pipeline.py
[2026-09-22T02:24:54.390+0000] {processor.py:830} INFO - Processing file /opt/airflow/dags/lakehouse_pipeline.py for tasks to queue
[2026-09-22T02:24:54.394+0000] {logging_mixin.py:188} INFO - [2026-09-22T02:24:54.394+0000] {dagbag.py:545} INFO - Filling up the DagBag from /opt/airflow/dags/lakehouse_pipeline.py
[2026-09-22T02:24:54.435+0000] {processor.py:840} INFO - DAG(s) 'lakehouse_pipeline' retrieved from /opt/airflow/dags/lakehouse_pipeline.py
[2026-09-22T02:24:54.525+0000] {logging_mixin.py:188} INFO - [2026-09-22T02:24:54.522+0000] {dag.py:3096} INFO - Sync 1 DAGs
[2026-09-22T02:24:54.559+0000] {logging_mixin.py:188} INFO - [2026-09-22T02:24:54.559+0000] {dag.py:3954} INFO - Setting next_dagrun for lakehouse_pipeline to None, run_after=None
[2026-09-22T02:24:54.600+0000] {processor.py:183} INFO - Processing /opt/airflow/dags/lakehouse_pipeline.py took 0.230 seconds
[2026-09-22T02:25:24.975+0000] {processor.py:161} INFO - Started process (PID=232) to work on /opt/airflow/dags/lakehouse_pipeline.py
[2026-09-22T02:25:25.019+0000] {processor.py:830} INFO - Processing file /opt/airflow/dags/lakehouse_pipeline.py for tasks to queue
[2026-09-22T02:25:25.024+0000] {logging_mixin.py:188} INFO - [2026-09-22T02:25:25.024+0000] {dagbag.py:545} INFO - Filling up the DagBag from /opt/airflow/dags/lakehouse_pipeline.py
[2026-09-22T02:25:25.133+0000] {processor.py:840} INFO - DAG(s) 'lakehouse_pipeline' retrieved from /opt/airflow/dags/lakehouse_pipeline.py
[2026-09-22T02:25:25.178+0000] {logging_mixin.py:188} INFO - [2026-09-22T02:25:25.178+0000] {dag.py:3096} INFO - Sync 1 DAGs
[2026-09-22T02:25:25.192+0000] {logging_mixin.py:188} INFO - [2026-09-22T02:25:25.192+0000] {dag.py:3954} INFO - Setting next_dagrun for lakehouse_pipeline to None, run_after=None
[2026-09-22T02:25:25.415+0000] {processor.py:183} INFO - Processing /opt/airflow/dags/lakehouse_pipeline.py took 0.447 seconds
[2026-09-22T02:25:55.760+0000] {processor.py:161} INFO - Started process (PID=248) to work on /opt/airflow/dags/lakehouse_pipeline.py
[2026-09-22T02:25:55.763+0000] {processor.py:830} INFO - Processing file /opt/airflow/dags/lakehouse_pipeline.py for tasks to queue
[2026-09-22T02:25:55.770+0000] {logging_mixin.py:188} INFO - [2026-09-22T02:25:55.769+0000] {dagbag.py:545} INFO - Filling up the DagBag from /opt/airflow/dags/lakehouse_pipeline.py
[2026-09-22T02:25:55.814+0000] {processor.py:840} INFO - DAG(s) 'lakehouse_pipeline' retrieved from /opt/airflow/dags/lakehouse_pipeline.py
[2026-09-22T02:25:55.892+0000] {logging_mixin.py:188} INFO - [2026-09-22T02:25:55.892+0000] {dag.py:3096} INFO - Sync 1 DAGs
[2026-09-22T02:25:55.949+0000] {logging_mixin.py:188} INFO - [2026-09-22T02:25:55.949+0000] {dag.py:3954} INFO - Setting next_dagrun for lakehouse_pipeline to None, run_after=None
[2026-09-22T02:25:56.058+0000] {processor.py:183} INFO - Processing /opt/airflow/dags/lakehouse_pipeline.py took 0.316 seconds
[2026-09-22T02:26:26.413+0000] {processor.py:161} INFO - Started process (PID=254) to work on /opt/airflow/dags/lakehouse_pipeline.py
[2026-09-22T02:26:26.415+0000] {processor.py:830} INFO - Processing file /opt/airflow/dags/lakehouse_pipeline.py for tasks to queue
[2026-09-22T02:26:26.420+0000] {logging_mixin.py:188} INFO - [2026-09-22T02:26:26.419+0000] {dagbag.py:545} INFO - Filling up the DagBag from /opt/airflow/dags/lakehouse_pipeline.py
[2026-09-22T02:26:26.452+0000] {processor.py:840} INFO - DAG(s) 'lakehouse_pipeline' retrieved from /opt/airflow/dags/lakehouse_pipeline.py
[2026-09-22T02:26:26.526+0000] {logging_mixin.py:188} INFO - [2026-09-22T02:26:26.525+0000] {dag.py:3096} INFO - Sync 1 DAGs
[2026-09-22T02:26:26.554+0000] {logging_mixin.py:188} INFO - [2026-09-22T02:26:26.554+0000] {dag.py:3954} INFO - Setting next_dagrun for lakehouse_pipeline to None, run_after=None
[2026-09-22T02:26:26.599+0000] {processor.py:183} INFO - Processing /opt/airflow/dags/lakehouse_pipeline.py took 0.200 seconds
[2026-09-22T02:26:57.110+0000] {processor.py:161} INFO - Started process (PID=259) to work on /opt/airflow/dags/lakehouse_pipeline.py
[2026-09-22T02:26:57.112+0000] {processor.py:830} INFO - Processing file /opt/airflow/dags/lakehouse_pipeline.py for tasks to queue
[2026-09-22T02:26:57.115+0000] {logging_mixin.py:188} INFO - [2026-09-22T02:26:57.115+0000] {dagbag.py:545} INFO - Filling up the DagBag from /opt/airflow/dags/lakehouse_pipeline.py
[2026-09-22T02:26:57.149+0000] {processor.py:840} INFO - DAG(s) 'lakehouse_pipeline' retrieved from /opt/airflow/dags/lakehouse_pipeline.py
[2026-09-22T02:26:57.671+0000] {logging_mixin.py:188} INFO - [2026-09-22T02:26:57.670+0000] {dag.py:3096} INFO - Sync 1 DAGs
[2026-09-22T02:26:57.695+0000] {logging_mixin.py:188} INFO - [2026-09-22T02:26:57.695+0000] {dag.py:3954} INFO - Setting next_dagrun for lakehouse_pipeline to None, run_after=None
[2026-09-22T02:26:57.849+0000] {processor.py:183} INFO - Processing /opt/airflow/dags/lakehouse_pipeline.py took 0.753 seconds
[2026-09-22T02:27:28.254+0000] {processor.py:161} INFO - Started process (PID=264) to work on /opt/airflow/dags/lakehouse_pipeline.py
[2026-09-22T02:27:28.255+0000] {processor.py:830} INFO - Processing file /opt/airflow/dags/lakehouse_pipeline.py for tasks to queue
[2026-09-22T02:27:28.257+0000] {logging_mixin.py:188} INFO - [2026-09-22T02:27:28.257+0000] {dagbag.py:545} INFO - Filling up the DagBag from /opt/airflow/dags/lakehouse_pipeline.py
[2026-09-22T02:27:28.277+0000] {processor.py:840} INFO - DAG(s) 'lakehouse_pipeline' retrieved from /opt/airflow/dags/lakehouse_pipeline.py
[2026-09-22T02:27:28.310+0000] {logging_mixin.py:188} INFO - [2026-09-22T02:27:28.309+0000] {dag.py:3096} INFO - Sync 1 DAGs
[2026-09-22T02:27:28.324+0000] {logging_mixin.py:188} INFO - [2026-09-22T02:27:28.324+0000] {dag.py:3954} INFO - Setting next_dagrun for lakehouse_pipeline to None, run_after=None
[2026-09-22T02:27:28.346+0000] {processor.py:183} INFO - Processing /opt/airflow/dags/lakehouse_pipeline.py took 0.099 seconds
[2026-09-22T02:27:58.447+0000] {processor.py:161} INFO - Started process (PID=269) to work on /opt/airflow/dags/lakehouse_pipeline.py
[2026-09-22T02:27:58.448+0000] {processor.py:830} INFO - Processing file /opt/airflow/dags/lakehouse_pipeline.py for tasks to queue
[2026-09-22T02:27:58.451+0000] {logging_mixin.py:188} INFO - [2026-09-22T02:27:58.451+0000] {dagbag.py:545} INFO - Filling up the DagBag from /opt/airflow/dags/lakehouse_pipeline.py
[2026-09-22T02:27:58.470+0000] {processor.py:840} INFO - DAG(s) 'lakehouse_pipeline' retrieved from /opt/airflow/dags/lakehouse_pipeline.py
[2026-09-22T02:27:58.506+0000] {logging_mixin.py:188} INFO - [2026-09-22T02:27:58.505+0000] {dag.py:3096} INFO - Sync 1 DAGs
[2026-09-22T02:27:58.520+0000] {logging_mixin.py:188} INFO - [2026-09-22T02:27:58.519+0000] {dag.py:3954} INFO - Setting next_dagrun for lakehouse_pipeline to None, run_after=None
[2026-09-22T02:27:58.541+0000] {processor.py:183} INFO - Processing /opt/airflow/dags/lakehouse_pipeline.py took 0.102 seconds
[2026-09-22T02:28:28.699+0000] {processor.py:161} INFO - Started process (PID=274) to work on /opt/airflow/dags/lakehouse_pipeline.py
[2026-09-22T02:28:28.700+0000] {processor.py:830} INFO - Processing file /opt/airflow/dags/lakehouse_pipeline.py for tasks to queue
[2026-09-22T02:28:28.702+0000] {logging_mixin.py:188} INFO - [2026-09-22T02:28:28.702+0000] {dagbag.py:545} INFO - Filling up the DagBag from /opt/airflow/dags/lakehouse_pipeline.py
[2026-09-22T02:28:28.720+0000] {processor.py:840} INFO - DAG(s) 'lakehouse_pipeline' retrieved from /opt/airflow/dags/lakehouse_pipeline.py
[2026-09-22T02:28:28.751+0000] {logging_mixin.py:188} INFO - [2026-09-22T02:28:28.751+0000] {dag.py:3096} INFO - Sync 1 DAGs
[2026-09-22T02:28:28.764+0000] {logging_mixin.py:188} INFO - [2026-09-22T02:28:28.764+0000] {dag.py:3954} INFO - Setting next_dagrun for lakehouse_pipeline to None, run_after=None
[2026-09-22T02:28:28.783+0000] {processor.py:183} INFO - Processing /opt/airflow/dags/lakehouse_pipeline.py took 0.092 seconds
[2026-09-22T02:28:58.918+0000] {processor.py:161} INFO - Started process (PID=279) to work on /opt/airflow/dags/lakehouse_pipeline.py
[2026-09-22T02:28:58.919+0000] {processor.py:830} INFO - Processing file /opt/airflow/dags/lakehouse_pipeline.py for tasks to queue
[2026-09-22T02:28:58.921+0000] {logging_mixin.py:188} INFO - [2026-09-22T02:28:58.921+0000] {dagbag.py:545} INFO - Filling up the DagBag from /opt/airflow/dags/lakehouse_pipeline.py
[2026-09-22T02:28:58.953+0000] {processor.py:840} INFO - DAG(s) 'lakehouse_pipeline' retrieved from /opt/airflow/dags/lakehouse_pipeline.py
[2026-09-22T02:28:58.999+0000] {logging_mixin.py:188} INFO - [2026-09-22T02:28:58.999+0000] {dag.py:3096} INFO - Sync 1 DAGs
[2026-09-22T02:28:59.017+0000] {logging_mixin.py:188} INFO - [2026-09-22T02:28:59.017+0000] {dag.py:3954} INFO - Setting next_dagrun for lakehouse_pipeline to None, run_after=None
[2026-09-22T02:28:59.043+0000] {processor.py:183} INFO - Processing /opt/airflow/dags/lakehouse_pipeline.py took 0.134 seconds
[2026-09-22T02:29:29.198+0000] {processor.py:161} INFO - Started process (PID=284) to work on /opt/airflow/dags/lakehouse_pipeline.py
[2026-09-22T02:29:29.200+0000] {processor.py:830} INFO - Processing file /opt/airflow/dags/lakehouse_pipeline.py for tasks to queue
[2026-09-22T02:29:29.204+0000] {logging_mixin.py:188} INFO - [2026-09-22T02:29:29.204+0000] {dagbag.py:545} INFO - Filling up the DagBag from /opt/airflow/dags/lakehouse_pipeline.py
[2026-09-22T02:29:29.241+0000] {processor.py:840} INFO - DAG(s) 'lakehouse_pipeline' retrieved from /opt/airflow/dags/lakehouse_pipeline.py
[2026-09-22T02:29:29.304+0000] {logging_mixin.py:188} INFO - [2026-09-22T02:29:29.304+0000] {dag.py:3096} INFO - Sync 1 DAGs
[2026-09-22T02:29:29.330+0000] {logging_mixin.py:188} INFO - [2026-09-22T02:29:29.330+0000] {dag.py:3954} INFO - Setting next_dagrun for lakehouse_pipeline to None, run_after=None
[2026-09-22T02:29:29.370+0000] {processor.py:183} INFO - Processing /opt/airflow/dags/lakehouse_pipeline.py took 0.186 seconds
[2026-09-22T02:29:59.574+0000] {processor.py:161} INFO - Started process (PID=289) to work on /opt/airflow/dags/lakehouse_pipeline.py
[2026-09-22T02:29:59.575+0000] {processor.py:830} INFO - Processing file /opt/airflow/dags/lakehouse_pipeline.py for tasks to queue
[2026-09-22T02:29:59.577+0000] {logging_mixin.py:188} INFO - [2026-09-22T02:29:59.576+0000] {dagbag.py:545} INFO - Filling up the DagBag from /opt/airflow/dags/lakehouse_pipeline.py
[2026-09-22T02:29:59.595+0000] {processor.py:840} INFO - DAG(s) 'lakehouse_pipeline' retrieved from /opt/airflow/dags/lakehouse_pipeline.py
[2026-09-22T02:29:59.635+0000] {logging_mixin.py:188} INFO - [2026-09-22T02:29:59.634+0000] {dag.py:3096} INFO - Sync 1 DAGs
[2026-09-22T02:29:59.652+0000] {logging_mixin.py:188} INFO - [2026-09-22T02:29:59.652+0000] {dag.py:3954} INFO - Setting next_dagrun for lakehouse_pipeline to None, run_after=None
[2026-09-22T02:29:59.679+0000] {processor.py:183} INFO - Processing /opt/airflow/dags/lakehouse_pipeline.py took 0.111 seconds
[2026-09-22T02:30:29.815+0000] {processor.py:161} INFO - Started process (PID=294) to work on /opt/airflow/dags/lakehouse_pipeline.py
[2026-09-22T02:30:29.816+0000] {processor.py:830} INFO - Processing file /opt/airflow/dags/lakehouse_pipeline.py for tasks to queue
[2026-09-22T02:30:29.819+0000] {logging_mixin.py:188} INFO - [2026-09-22T02:30:29.819+0000] {dagbag.py:545} INFO - Filling up the DagBag from /opt/airflow/dags/lakehouse_pipeline.py
[2026-09-22T02:30:29.841+0000] {processor.py:840} INFO - DAG(s) 'lakehouse_pipeline' retrieved from /opt/airflow/dags/lakehouse_pipeline.py
[2026-09-22T02:30:29.874+0000] {logging_mixin.py:188} INFO - [2026-09-22T02:30:29.874+0000] {dag.py:3096} INFO - Sync 1 DAGs
[2026-09-22T02:30:29.890+0000] {logging_mixin.py:188} INFO - [2026-09-22T02:30:29.890+0000] {dag.py:3954} INFO - Setting next_dagrun for lakehouse_pipeline to None, run_after=None
[2026-09-22T02:30:29.916+0000] {processor.py:183} INFO - Processing /opt/airflow/dags/lakehouse_pipeline.py took 0.108 seconds
[2026-09-22T02:31:00.048+0000] {processor.py:161} INFO - Started process (PID=299) to work on /opt/airflow/dags/lakehouse_pipeline.py
[2026-09-22T02:31:00.049+0000] {processor.py:830} INFO - Processing file /opt/airflow/dags/lakehouse_pipeline.py for tasks to queue
[2026-09-22T02:31:00.052+0000] {logging_mixin.py:188} INFO - [2026-09-22T02:31:00.051+0000] {dagbag.py:545} INFO - Filling up the DagBag from /opt/airflow/dags/lakehouse_pipeline.py
[2026-09-22T02:31:00.080+0000] {processor.py:840} INFO - DAG(s) 'lakehouse_pipeline' retrieved from /opt/airflow/dags/lakehouse_pipeline.py
[2026-09-22T02:31:00.133+0000] {logging_mixin.py:188} INFO - [2026-09-22T02:31:00.133+0000] {dag.py:3096} INFO - Sync 1 DAGs
[2026-09-22T02:31:00.155+0000] {logging_mixin.py:188} INFO - [2026-09-22T02:31:00.155+0000] {dag.py:3954} INFO - Setting next_dagrun for lakehouse_pipeline to None, run_after=None
[2026-09-22T02:31:00.199+0000] {processor.py:183} INFO - Processing /opt/airflow/dags/lakehouse_pipeline.py took 0.164 seconds
[2026-09-22T02:31:30.986+0000] {processor.py:161} INFO - Started process (PID=304) to work on /opt/airflow/dags/lakehouse_pipeline.py
[2026-09-22T02:31:30.990+0000] {processor.py:830} INFO - Processing file /opt/airflow/dags/lakehouse_pipeline.py for tasks to queue
[2026-09-22T02:31:30.994+0000] {logging_mixin.py:188} INFO - [2026-09-22T02:31:30.993+0000] {dagbag.py:545} INFO - Filling up the DagBag from /opt/airflow/dags/lakehouse_pipeline.py
[2026-09-22T02:31:31.050+0000] {processor.py:840} INFO - DAG(s) 'lakehouse_pipeline' retrieved from /opt/airflow/dags/lakehouse_pipeline.py
[2026-09-22T02:31:31.185+0000] {logging_mixin.py:188} INFO - [2026-09-22T02:31:31.185+0000] {dag.py:3096} INFO - Sync 1 DAGs
[2026-09-22T02:31:31.227+0000] {logging_mixin.py:188} INFO - [2026-09-22T02:31:31.227+0000] {dag.py:3954} INFO - Setting next_dagrun for lakehouse_pipeline to None, run_after=None
[2026-09-22T02:31:31.283+0000] {processor.py:183} INFO - Processing /opt/airflow/dags/lakehouse_pipeline.py took 0.317 seconds
[2026-09-22T02:32:01.442+0000] {processor.py:161} INFO - Started process (PID=321) to work on /opt/airflow/dags/lakehouse_pipeline.py
[2026-09-22T02:32:01.444+0000] {processor.py:830} INFO - Processing file /opt/airflow/dags/lakehouse_pipeline.py for tasks to queue
[2026-09-22T02:32:01.447+0000] {logging_mixin.py:188} INFO - [2026-09-22T02:32:01.447+0000] {dagbag.py:545} INFO - Filling up the DagBag from /opt/airflow/dags/lakehouse_pipeline.py
[2026-09-22T02:32:01.475+0000] {processor.py:840} INFO - DAG(s) 'lakehouse_pipeline' retrieved from /opt/airflow/dags/lakehouse_pipeline.py
[2026-09-22T02:32:01.517+0000] {logging_mixin.py:188} INFO - [2026-09-22T02:32:01.517+0000] {dag.py:3096} INFO - Sync 1 DAGs
[2026-09-22T02:32:01.538+0000] {logging_mixin.py:188} INFO - [2026-09-22T02:32:01.538+0000] {dag.py:3954} INFO - Setting next_dagrun for lakehouse_pipeline to None, run_after=None
[2026-09-22T02:32:01.560+0000] {processor.py:183} INFO - Processing /opt/airflow/dags/lakehouse_pipeline.py took 0.129 seconds
[2026-09-22T02:32:31.875+0000] {processor.py:161} INFO - Started process (PID=394) to work on /opt/airflow/dags/lakehouse_pipeline.py
[2026-09-22T02:32:31.876+0000] {processor.py:830} INFO - Processing file /opt/airflow/dags/lakehouse_pipeline.py for tasks to queue
[2026-09-22T02:32:31.878+0000] {logging_mixin.py:188} INFO - [2026-09-22T02:32:31.877+0000] {dagbag.py:545} INFO - Filling up the DagBag from /opt/airflow/dags/lakehouse_pipeline.py
[2026-09-22T02:32:31.917+0000] {processor.py:840} INFO - DAG(s) 'lakehouse_pipeline' retrieved from /opt/airflow/dags/lakehouse_pipeline.py
[2026-09-22T02:32:31.998+0000] {logging_mixin.py:188} INFO - [2026-09-22T02:32:31.998+0000] {dag.py:3096} INFO - Sync 1 DAGs
[2026-09-22T02:32:32.035+0000] {logging_mixin.py:188} INFO - [2026-09-22T02:32:32.034+0000] {dag.py:3954} INFO - Setting next_dagrun for lakehouse_pipeline to None, run_after=None
[2026-09-22T02:32:32.078+0000] {processor.py:183} INFO - Processing /opt/airflow/dags/lakehouse_pipeline.py took 0.224 seconds
[2026-09-22T02:33:05.941+0000] {processor.py:161} INFO - Started process (PID=400) to work on /opt/airflow/dags/lakehouse_pipeline.py
[2026-09-22T02:33:05.945+0000] {processor.py:830} INFO - Processing file /opt/airflow/dags/lakehouse_pipeline.py for tasks to queue
[2026-09-22T02:33:05.965+0000] {logging_mixin.py:188} INFO - [2026-09-22T02:33:05.963+0000] {dagbag.py:545} INFO - Filling up the DagBag from /opt/airflow/dags/lakehouse_pipeline.py
[2026-09-22T02:33:06.058+0000] {processor.py:840} INFO - DAG(s) 'lakehouse_pipeline' retrieved from /opt/airflow/dags/lakehouse_pipeline.py
[2026-09-22T02:33:06.140+0000] {logging_mixin.py:188} INFO - [2026-09-22T02:33:06.140+0000] {dag.py:3096} INFO - Sync 1 DAGs
[2026-09-22T02:33:06.217+0000] {logging_mixin.py:188} INFO - [2026-09-22T02:33:06.217+0000] {dag.py:3954} INFO - Setting next_dagrun for lakehouse_pipeline to None, run_after=None
[2026-09-22T02:33:06.267+0000] {processor.py:183} INFO - Processing /opt/airflow/dags/lakehouse_pipeline.py took 0.427 seconds
[2026-09-22T02:33:39.782+0000] {processor.py:161} INFO - Started process (PID=406) to work on /opt/airflow/dags/lakehouse_pipeline.py
[2026-09-22T02:33:39.794+0000] {processor.py:830} INFO - Processing file /opt/airflow/dags/lakehouse_pipeline.py for tasks to queue
[2026-09-22T02:33:39.809+0000] {logging_mixin.py:188} INFO - [2026-09-22T02:33:39.808+0000] {dagbag.py:545} INFO - Filling up the DagBag from /opt/airflow/dags/lakehouse_pipeline.py
[2026-09-22T02:33:39.923+0000] {processor.py:840} INFO - DAG(s) 'lakehouse_pipeline' retrieved from /opt/airflow/dags/lakehouse_pipeline.py
[2026-09-22T02:33:40.049+0000] {logging_mixin.py:188} INFO - [2026-09-22T02:33:40.048+0000] {dag.py:3096} INFO - Sync 1 DAGs
[2026-09-22T02:33:40.115+0000] {logging_mixin.py:188} INFO - [2026-09-22T02:33:40.115+0000] {dag.py:3954} INFO - Setting next_dagrun for lakehouse_pipeline to None, run_after=None
[2026-09-22T02:33:40.176+0000] {processor.py:183} INFO - Processing /opt/airflow/dags/lakehouse_pipeline.py took 0.631 seconds
[2026-09-22T02:34:10.492+0000] {processor.py:161} INFO - Started process (PID=517) to work on /opt/airflow/dags/lakehouse_pipeline.py
[2026-09-22T02:34:10.495+0000] {processor.py:830} INFO - Processing file /opt/airflow/dags/lakehouse_pipeline.py for tasks to queue
[2026-09-22T02:34:10.502+0000] {logging_mixin.py:188} INFO - [2026-09-22T02:34:10.501+0000] {dagbag.py:545} INFO - Filling up the DagBag from /opt/airflow/dags/lakehouse_pipeline.py
[2026-09-22T02:34:10.605+0000] {processor.py:840} INFO - DAG(s) 'lakehouse_pipeline' retrieved from /opt/airflow/dags/lakehouse_pipeline.py
[2026-09-22T02:34:10.738+0000] {logging_mixin.py:188} INFO - [2026-09-22T02:34:10.738+0000] {dag.py:3096} INFO - Sync 1 DAGs
[2026-09-22T02:34:10.830+0000] {logging_mixin.py:188} INFO - [2026-09-22T02:34:10.829+0000] {dag.py:3954} INFO - Setting next_dagrun for lakehouse_pipeline to None, run_after=None
[2026-09-22T02:34:10.877+0000] {processor.py:183} INFO - Processing /opt/airflow/dags/lakehouse_pipeline.py took 0.404 seconds
[2026-09-22T02:34:41.334+0000] {processor.py:161} INFO - Started process (PID=867) to work on /opt/airflow/dags/lakehouse_pipeline.py
[2026-09-22T02:34:41.336+0000] {processor.py:830} INFO - Processing file /opt/airflow/dags/lakehouse_pipeline.py for tasks to queue
[2026-09-22T02:34:41.342+0000] {logging_mixin.py:188} INFO - [2026-09-22T02:34:41.341+0000] {dagbag.py:545} INFO - Filling up the DagBag from /opt/airflow/dags/lakehouse_pipeline.py
[2026-09-22T02:34:41.418+0000] {processor.py:840} INFO - DAG(s) 'lakehouse_pipeline' retrieved from /opt/airflow/dags/lakehouse_pipeline.py
[2026-09-22T02:34:41.529+0000] {logging_mixin.py:188} INFO - [2026-09-22T02:34:41.528+0000] {dag.py:3096} INFO - Sync 1 DAGs
[2026-09-22T02:34:41.569+0000] {logging_mixin.py:188} INFO - [2026-09-22T02:34:41.569+0000] {dag.py:3954} INFO - Setting next_dagrun for lakehouse_pipeline to None, run_after=None
[2026-09-22T02:34:41.645+0000] {processor.py:183} INFO - Processing /opt/airflow/dags/lakehouse_pipeline.py took 0.334 seconds
[2026-09-22T02:35:11.793+0000] {processor.py:161} INFO - Started process (PID=1029) to work on /opt/airflow/dags/lakehouse_pipeline.py
[2026-09-22T02:35:11.796+0000] {processor.py:830} INFO - Processing file /opt/airflow/dags/lakehouse_pipeline.py for tasks to queue
[2026-09-22T02:35:11.800+0000] {logging_mixin.py:188} INFO - [2026-09-22T02:35:11.799+0000] {dagbag.py:545} INFO - Filling up the DagBag from /opt/airflow/dags/lakehouse_pipeline.py
[2026-09-22T02:35:11.845+0000] {processor.py:840} INFO - DAG(s) 'lakehouse_pipeline' retrieved from /opt/airflow/dags/lakehouse_pipeline.py
[2026-09-22T02:35:11.931+0000] {logging_mixin.py:188} INFO - [2026-09-22T02:35:11.931+0000] {dag.py:3096} INFO - Sync 1 DAGs
[2026-09-22T02:35:11.964+0000] {logging_mixin.py:188} INFO - [2026-09-22T02:35:11.964+0000] {dag.py:3954} INFO - Setting next_dagrun for lakehouse_pipeline to None, run_after=None
[2026-09-22T02:35:12.038+0000] {processor.py:183} INFO - Processing /opt/airflow/dags/lakehouse_pipeline.py took 0.260 seconds
[2026-09-22T02:35:43.216+0000] {processor.py:161} INFO - Started process (PID=1436) to work on /opt/airflow/dags/lakehouse_pipeline.py
[2026-09-22T02:35:43.219+0000] {processor.py:830} INFO - Processing file /opt/airflow/dags/lakehouse_pipeline.py for tasks to queue
[2026-09-22T02:35:43.223+0000] {logging_mixin.py:188} INFO - [2026-09-22T02:35:43.223+0000] {dagbag.py:545} INFO - Filling up the DagBag from /opt/airflow/dags/lakehouse_pipeline.py
[2026-09-22T02:35:43.280+0000] {processor.py:840} INFO - DAG(s) 'lakehouse_pipeline' retrieved from /opt/airflow/dags/lakehouse_pipeline.py
[2026-09-22T02:35:43.539+0000] {logging_mixin.py:188} INFO - [2026-09-22T02:35:43.538+0000] {dag.py:3096} INFO - Sync 1 DAGs
[2026-09-22T02:35:43.665+0000] {logging_mixin.py:188} INFO - [2026-09-22T02:35:43.664+0000] {dag.py:3954} INFO - Setting next_dagrun for lakehouse_pipeline to None, run_after=None
[2026-09-22T02:35:43.812+0000] {processor.py:183} INFO - Processing /opt/airflow/dags/lakehouse_pipeline.py took 0.617 seconds
[2026-09-22T02:36:14.048+0000] {processor.py:161} INFO - Started process (PID=1530) to work on /opt/airflow/dags/lakehouse_pipeline.py
[2026-09-22T02:36:14.049+0000] {processor.py:830} INFO - Processing file /opt/airflow/dags/lakehouse_pipeline.py for tasks to queue
[2026-09-22T02:36:14.052+0000] {logging_mixin.py:188} INFO - [2026-09-22T02:36:14.052+0000] {dagbag.py:545} INFO - Filling up the DagBag from /opt/airflow/dags/lakehouse_pipeline.py
[2026-09-22T02:36:14.076+0000] {processor.py:840} INFO - DAG(s) 'lakehouse_pipeline' retrieved from /opt/airflow/dags/lakehouse_pipeline.py
[2026-09-22T02:36:14.114+0000] {logging_mixin.py:188} INFO - [2026-09-22T02:36:14.114+0000] {dag.py:3096} INFO - Sync 1 DAGs
[2026-09-22T02:36:14.177+0000] {logging_mixin.py:188} INFO - [2026-09-22T02:36:14.177+0000] {dag.py:3954} INFO - Setting next_dagrun for lakehouse_pipeline to None, run_after=None
[2026-09-22T02:36:15.146+0000] {processor.py:183} INFO - Processing /opt/airflow/dags/lakehouse_pipeline.py took 1.103 seconds
[2026-09-22T02:36:46.244+0000] {processor.py:161} INFO - Started process (PID=1727) to work on /opt/airflow/dags/lakehouse_pipeline.py
[2026-09-22T02:36:46.247+0000] {processor.py:830} INFO - Processing file /opt/airflow/dags/lakehouse_pipeline.py for tasks to queue
[2026-09-22T02:36:46.254+0000] {logging_mixin.py:188} INFO - [2026-09-22T02:36:46.254+0000] {dagbag.py:545} INFO - Filling up the DagBag from /opt/airflow/dags/lakehouse_pipeline.py
[2026-09-22T02:36:46.306+0000] {processor.py:840} INFO - DAG(s) 'lakehouse_pipeline' retrieved from /opt/airflow/dags/lakehouse_pipeline.py
[2026-09-22T02:36:46.390+0000] {logging_mixin.py:188} INFO - [2026-09-22T02:36:46.390+0000] {dag.py:3096} INFO - Sync 1 DAGs
[2026-09-22T02:36:46.433+0000] {logging_mixin.py:188} INFO - [2026-09-22T02:36:46.433+0000] {dag.py:3954} INFO - Setting next_dagrun for lakehouse_pipeline to None, run_after=None
[2026-09-22T02:36:46.513+0000] {processor.py:183} INFO - Processing /opt/airflow/dags/lakehouse_pipeline.py took 0.292 seconds
[2026-09-22T02:37:16.951+0000] {processor.py:161} INFO - Started process (PID=1732) to work on /opt/airflow/dags/lakehouse_pipeline.py
[2026-09-22T02:37:16.953+0000] {processor.py:830} INFO - Processing file /opt/airflow/dags/lakehouse_pipeline.py for tasks to queue
[2026-09-22T02:37:16.956+0000] {logging_mixin.py:188} INFO - [2026-09-22T02:37:16.956+0000] {dagbag.py:545} INFO - Filling up the DagBag from /opt/airflow/dags/lakehouse_pipeline.py
[2026-09-22T02:37:16.994+0000] {processor.py:840} INFO - DAG(s) 'lakehouse_pipeline' retrieved from /opt/airflow/dags/lakehouse_pipeline.py
[2026-09-22T02:37:17.062+0000] {logging_mixin.py:188} INFO - [2026-09-22T02:37:17.062+0000] {dag.py:3096} INFO - Sync 1 DAGs
[2026-09-22T02:37:17.089+0000] {logging_mixin.py:188} INFO - [2026-09-22T02:37:17.089+0000] {dag.py:3954} INFO - Setting next_dagrun for lakehouse_pipeline to None, run_after=None
[2026-09-22T02:37:17.118+0000] {processor.py:183} INFO - Processing /opt/airflow/dags/lakehouse_pipeline.py took 0.182 seconds
[2026-09-22T02:37:47.195+0000] {processor.py:161} INFO - Started process (PID=1737) to work on /opt/airflow/dags/lakehouse_pipeline.py
[2026-09-22T02:37:47.197+0000] {processor.py:830} INFO - Processing file /opt/airflow/dags/lakehouse_pipeline.py for tasks to queue
[2026-09-22T02:37:47.200+0000] {logging_mixin.py:188} INFO - [2026-09-22T02:37:47.200+0000] {dagbag.py:545} INFO - Filling up the DagBag from /opt/airflow/dags/lakehouse_pipeline.py
[2026-09-22T02:37:47.229+0000] {processor.py:840} INFO - DAG(s) 'lakehouse_pipeline' retrieved from /opt/airflow/dags/lakehouse_pipeline.py
[2026-09-22T02:37:47.286+0000] {logging_mixin.py:188} INFO - [2026-09-22T02:37:47.285+0000] {dag.py:3096} INFO - Sync 1 DAGs
[2026-09-22T02:37:47.309+0000] {logging_mixin.py:188} INFO - [2026-09-22T02:37:47.308+0000] {dag.py:3954} INFO - Setting next_dagrun for lakehouse_pipeline to None, run_after=None
[2026-09-22T02:37:47.480+0000] {processor.py:183} INFO - Processing /opt/airflow/dags/lakehouse_pipeline.py took 0.295 seconds
