[2026-09-23T00:22:34.788+0000] {processor.py:161} INFO - Started process (PID=1854) to work on /opt/airflow/dags/lakehouse_pipeline.py
[2026-09-23T00:22:34.789+0000] {processor.py:830} INFO - Processing file /opt/airflow/dags/lakehouse_pipeline.py for tasks to queue
[2026-09-23T00:22:34.792+0000] {logging_mixin.py:188} INFO - [2026-09-23T00:22:34.791+0000] {dagbag.py:545} INFO - Filling up the DagBag from /opt/airflow/dags/lakehouse_pipeline.py
[2026-09-23T00:22:34.847+0000] {logging_mixin.py:188} WARNING - /home/airflow/.local/lib/python3.10/site-packages/airflow/models/baseoperator.py:485 RemovedInAirflow3Warning: provide_context is deprecated as of 2.0 and is no longer required
[2026-09-23T00:22:34.891+0000] {processor.py:840} INFO - DAG(s) 'lakehouse_pipeline' retrieved from /opt/airflow/dags/lakehouse_pipeline.py
[2026-09-23T00:22:35.008+0000] {logging_mixin.py:188} INFO - [2026-09-23T00:22:35.008+0000] {dag.py:3096} INFO - Sync 1 DAGs
[2026-09-23T00:22:35.026+0000] {logging_mixin.py:188} INFO - [2026-09-23T00:22:35.026+0000] {dag.py:3954} INFO - Setting next_dagrun for lakehouse_pipeline to None, run_after=None
[2026-09-23T00:22:35.109+0000] {processor.py:183} INFO - Processing /opt/airflow/dags/lakehouse_pipeline.py took 0.336 seconds
[2026-09-23T00:23:05.156+0000] {processor.py:161} INFO - Started process (PID=1859) to work on /opt/airflow/dags/lakehouse_pipeline.py
[2026-09-23T00:23:05.158+0000] {processor.py:830} INFO - Processing file /opt/airflow/dags/lakehouse_pipeline.py for tasks to queue
[2026-09-23T00:23:05.160+0000] {logging_mixin.py:188} INFO - [2026-09-23T00:23:05.160+0000] {dagbag.py:545} INFO - Filling up the DagBag from /opt/airflow/dags/lakehouse_pipeline.py
[2026-09-23T00:23:05.180+0000] {logging_mixin.py:188} WARNING - /home/airflow/.local/lib/python3.10/site-packages/airflow/models/baseoperator.py:485 RemovedInAirflow3Warning: provide_context is deprecated as of 2.0 and is no longer required
[2026-09-23T00:23:05.186+0000] {processor.py:840} INFO - DAG(s) 'lakehouse_pipeline' retrieved from /opt/airflow/dags/lakehouse_pipeline.py
[2026-09-23T00:23:05.218+0000] {logging_mixin.py:188} INFO - [2026-09-23T00:23:05.218+0000] {dag.py:3096} INFO - Sync 1 DAGs
[2026-09-23T00:23:05.232+0000] {logging_mixin.py:188} INFO - [2026-09-23T00:23:05.232+0000] {dag.py:3954} INFO - Setting next_dagrun for lakehouse_pipeline to None, run_after=None
[2026-09-23T00:23:05.256+0000] {processor.py:183} INFO - Processing /opt/airflow/dags/lakehouse_pipeline.py took 0.112 seconds
[2026-09-23T00:23:35.347+0000] {processor.py:161} INFO - Started process (PID=1864) to work on /opt/airflow/dags/lakehouse_pipeline.py
[2026-09-23T00:23:35.348+0000] {processor.py:830} INFO - Processing file /opt/airflow/dags/lakehouse_pipeline.py for tasks to queue
[2026-09-23T00:23:35.351+0000] {logging_mixin.py:188} INFO - [2026-09-23T00:23:35.351+0000] {dagbag.py:545} INFO - Filling up the DagBag from /opt/airflow/dags/lakehouse_pipeline.py
[2026-09-23T00:23:35.376+0000] {logging_mixin.py:188} WARNING - /home/airflow/.local/lib/python3.10/site-packages/airflow/models/baseoperator.py:485 RemovedInAirflow3Warning: provide_context is deprecated as of 2.0 and is no longer required
[2026-09-23T00:23:35.384+0000] {processor.py:840} INFO - DAG(s) 'lakehouse_pipeline' retrieved from /opt/airflow/dags/lakehouse_pipeline.py
[2026-09-23T00:23:35.432+0000] {logging_mixin.py:188} INFO - [2026-09-23T00:23:35.431+0000] {dag.py:3096} INFO - Sync 1 DAGs
[2026-09-23T00:23:35.449+0000] {logging_mixin.py:188} INFO - [2026-09-23T00:23:35.449+0000] {dag.py:3954} INFO - Setting next_dagrun for lakehouse_pipeline to None, run_after=None
[2026-09-23T00:23:35.470+0000] {processor.py:183} INFO - Processing /opt/airflow/dags/lakehouse_pipeline.py took 0.131 seconds
[2026-09-23T00:24:05.661+0000] {processor.py:161} INFO - Started process (PID=1869) to work on /opt/airflow/dags/lakehouse_pipeline.py
[2026-09-23T00:24:05.662+0000] {processor.py:830} INFO - Processing file /opt/airflow/dags/lakehouse_pipeline.py for tasks to queue
[2026-09-23T00:24:05.664+0000] {logging_mixin.py:188} INFO - [2026-09-23T00:24:05.663+0000] {dagbag.py:545} INFO - Filling up the DagBag from /opt/airflow/dags/lakehouse_pipeline.py
[2026-09-23T00:24:05.681+0000] {logging_mixin.py:188} WARNING - /home/airflow/.local/lib/python3.10/site-packages/airflow/models/baseoperator.py:485 RemovedInAirflow3Warning: provide_context is deprecated as of 2.0 and is no longer required
[2026-09-23T00:24:05.686+0000] {processor.py:840} INFO - DAG(s) 'lakehouse_pipeline' retrieved from /opt/airflow/dags/lakehouse_pipeline.py
[2026-09-23T00:24:05.718+0000] {logging_mixin.py:188} INFO - [2026-09-23T00:24:05.718+0000] {dag.py:3096} INFO - Sync 1 DAGs
[2026-09-23T00:24:05.730+0000] {logging_mixin.py:188} INFO - [2026-09-23T00:24:05.730+0000] {dag.py:3954} INFO - Setting next_dagrun for lakehouse_pipeline to None, run_after=None
[2026-09-23T00:24:05.751+0000] {processor.py:183} INFO - Processing /opt/airflow/dags/lakehouse_pipeline.py took 0.095 seconds
[2026-09-23T00:24:35.875+0000] {processor.py:161} INFO - Started process (PID=1874) to work on /opt/airflow/dags/lakehouse_pipeline.py
[2026-09-23T00:24:35.876+0000] {processor.py:830} INFO - Processing file /opt/airflow/dags/lakehouse_pipeline.py for tasks to queue
[2026-09-23T00:24:35.877+0000] {logging_mixin.py:188} INFO - [2026-09-23T00:24:35.877+0000] {dagbag.py:545} INFO - Filling up the DagBag from /opt/airflow/dags/lakehouse_pipeline.py
[2026-09-23T00:24:35.891+0000] {logging_mixin.py:188} WARNING - /home/airflow/.local/lib/python3.10/site-packages/airflow/models/baseoperator.py:485 RemovedInAirflow3Warning: provide_context is deprecated as of 2.0 and is no longer required
[2026-09-23T00:24:35.896+0000] {processor.py:840} INFO - DAG(s) 'lakehouse_pipeline' retrieved from /opt/airflow/dags/lakehouse_pipeline.py
[2026-09-23T00:24:35.927+0000] {logging_mixin.py:188} INFO - [2026-09-23T00:24:35.927+0000] {dag.py:3096} INFO - Sync 1 DAGs
[2026-09-23T00:24:35.938+0000] {logging_mixin.py:188} INFO - [2026-09-23T00:24:35.938+0000] {dag.py:3954} INFO - Setting next_dagrun for lakehouse_pipeline to None, run_after=None
[2026-09-23T00:24:35.964+0000] {processor.py:183} INFO - Processing /opt/airflow/dags/lakehouse_pipeline.py took 0.094 seconds
[2026-09-23T00:25:06.162+0000] {processor.py:161} INFO - Started process (PID=1879) to work on /opt/airflow/dags/lakehouse_pipeline.py
[2026-09-23T00:25:06.163+0000] {processor.py:830} INFO - Processing file /opt/airflow/dags/lakehouse_pipeline.py for tasks to queue
[2026-09-23T00:25:06.164+0000] {logging_mixin.py:188} INFO - [2026-09-23T00:25:06.164+0000] {dagbag.py:545} INFO - Filling up the DagBag from /opt/airflow/dags/lakehouse_pipeline.py
[2026-09-23T00:25:06.178+0000] {logging_mixin.py:188} WARNING - /home/airflow/.local/lib/python3.10/site-packages/airflow/models/baseoperator.py:485 RemovedInAirflow3Warning: provide_context is deprecated as of 2.0 and is no longer required
[2026-09-23T00:25:06.183+0000] {processor.py:840} INFO - DAG(s) 'lakehouse_pipeline' retrieved from /opt/airflow/dags/lakehouse_pipeline.py
[2026-09-23T00:25:06.211+0000] {logging_mixin.py:188} INFO - [2026-09-23T00:25:06.211+0000] {dag.py:3096} INFO - Sync 1 DAGs
[2026-09-23T00:25:06.223+0000] {logging_mixin.py:188} INFO - [2026-09-23T00:25:06.222+0000] {dag.py:3954} INFO - Setting next_dagrun for lakehouse_pipeline to None, run_after=None
[2026-09-23T00:25:06.243+0000] {processor.py:183} INFO - Processing /opt/airflow/dags/lakehouse_pipeline.py took 0.087 seconds
[2026-09-23T00:25:36.409+0000] {processor.py:161} INFO - Started process (PID=1884) to work on /opt/airflow/dags/lakehouse_pipeline.py
[2026-09-23T00:25:36.410+0000] {processor.py:830} INFO - Processing file /opt/airflow/dags/lakehouse_pipeline.py for tasks to queue
[2026-09-23T00:25:36.411+0000] {logging_mixin.py:188} INFO - [2026-09-23T00:25:36.411+0000] {dagbag.py:545} INFO - Filling up the DagBag from /opt/airflow/dags/lakehouse_pipeline.py
[2026-09-23T00:25:36.425+0000] {logging_mixin.py:188} WARNING - /home/airflow/.local/lib/python3.10/site-packages/airflow/models/baseoperator.py:485 RemovedInAirflow3Warning: provide_context is deprecated as of 2.0 and is no longer required
[2026-09-23T00:25:36.430+0000] {processor.py:840} INFO - DAG(s) 'lakehouse_pipeline' retrieved from /opt/airflow/dags/lakehouse_pipeline.py
[2026-09-23T00:25:36.459+0000] {logging_mixin.py:188} INFO - [2026-09-23T00:25:36.459+0000] {dag.py:3096} INFO - Sync 1 DAGs
[2026-09-23T00:25:36.471+0000] {logging_mixin.py:188} INFO - [2026-09-23T00:25:36.470+0000] {dag.py:3954} INFO - Setting next_dagrun for lakehouse_pipeline to None, run_after=None
[2026-09-23T00:25:36.489+0000] {processor.py:183} INFO - Processing /opt/airflow/dags/lakehouse_pipeline.py took 0.086 seconds
[2026-09-23T00:26:06.662+0000] {processor.py:161} INFO - Started process (PID=1889) to work on /opt/airflow/dags/lakehouse_pipeline.py
[2026-09-23T00:26:06.663+0000] {processor.py:830} INFO - Processing file /opt/airflow/dags/lakehouse_pipeline.py for tasks to queue
[2026-09-23T00:26:06.664+0000] {logging_mixin.py:188} INFO - [2026-09-23T00:26:06.664+0000] {dagbag.py:545} INFO - Filling up the DagBag from /opt/airflow/dags/lakehouse_pipeline.py
[2026-09-23T00:26:06.678+0000] {logging_mixin.py:188} WARNING - /home/airflow/.local/lib/python3.10/site-packages/airflow/models/baseoperator.py:485 RemovedInAirflow3Warning: provide_context is deprecated as of 2.0 and is no longer required
[2026-09-23T00:26:06.683+0000] {processor.py:840} INFO - DAG(s) 'lakehouse_pipeline' retrieved from /opt/airflow/dags/lakehouse_pipeline.py
[2026-09-23T00:26:06.722+0000] {logging_mixin.py:188} INFO - [2026-09-23T00:26:06.722+0000] {dag.py:3096} INFO - Sync 1 DAGs
[2026-09-23T00:26:06.735+0000] {logging_mixin.py:188} INFO - [2026-09-23T00:26:06.734+0000] {dag.py:3954} INFO - Setting next_dagrun for lakehouse_pipeline to None, run_after=None
[2026-09-23T00:26:06.757+0000] {processor.py:183} INFO - Processing /opt/airflow/dags/lakehouse_pipeline.py took 0.101 seconds
[2026-09-23T00:26:36.965+0000] {processor.py:161} INFO - Started process (PID=1894) to work on /opt/airflow/dags/lakehouse_pipeline.py
[2026-09-23T00:26:36.966+0000] {processor.py:830} INFO - Processing file /opt/airflow/dags/lakehouse_pipeline.py for tasks to queue
[2026-09-23T00:26:36.968+0000] {logging_mixin.py:188} INFO - [2026-09-23T00:26:36.968+0000] {dagbag.py:545} INFO - Filling up the DagBag from /opt/airflow/dags/lakehouse_pipeline.py
[2026-09-23T00:26:36.984+0000] {logging_mixin.py:188} WARNING - /home/airflow/.local/lib/python3.10/site-packages/airflow/models/baseoperator.py:485 RemovedInAirflow3Warning: provide_context is deprecated as of 2.0 and is no longer required
[2026-09-23T00:26:36.988+0000] {processor.py:840} INFO - DAG(s) 'lakehouse_pipeline' retrieved from /opt/airflow/dags/lakehouse_pipeline.py
[2026-09-23T00:26:37.015+0000] {logging_mixin.py:188} INFO - [2026-09-23T00:26:37.015+0000] {dag.py:3096} INFO - Sync 1 DAGs
[2026-09-23T00:26:37.027+0000] {logging_mixin.py:188} INFO - [2026-09-23T00:26:37.027+0000] {dag.py:3954} INFO - Setting next_dagrun for lakehouse_pipeline to None, run_after=None
[2026-09-23T00:26:37.048+0000] {processor.py:183} INFO - Processing /opt/airflow/dags/lakehouse_pipeline.py took 0.089 seconds
[2026-09-23T00:27:07.236+0000] {processor.py:161} INFO - Started process (PID=1899) to work on /opt/airflow/dags/lakehouse_pipeline.py
[2026-09-23T00:27:07.237+0000] {processor.py:830} INFO - Processing file /opt/airflow/dags/lakehouse_pipeline.py for tasks to queue
[2026-09-23T00:27:07.239+0000] {logging_mixin.py:188} INFO - [2026-09-23T00:27:07.238+0000] {dagbag.py:545} INFO - Filling up the DagBag from /opt/airflow/dags/lakehouse_pipeline.py
[2026-09-23T00:27:07.253+0000] {logging_mixin.py:188} WARNING - /home/airflow/.local/lib/python3.10/site-packages/airflow/models/baseoperator.py:485 RemovedInAirflow3Warning: provide_context is deprecated as of 2.0 and is no longer required
[2026-09-23T00:27:07.258+0000] {processor.py:840} INFO - DAG(s) 'lakehouse_pipeline' retrieved from /opt/airflow/dags/lakehouse_pipeline.py
[2026-09-23T00:27:07.286+0000] {logging_mixin.py:188} INFO - [2026-09-23T00:27:07.286+0000] {dag.py:3096} INFO - Sync 1 DAGs
[2026-09-23T00:27:07.298+0000] {logging_mixin.py:188} INFO - [2026-09-23T00:27:07.298+0000] {dag.py:3954} INFO - Setting next_dagrun for lakehouse_pipeline to None, run_after=None
[2026-09-23T00:27:07.319+0000] {processor.py:183} INFO - Processing /opt/airflow/dags/lakehouse_pipeline.py took 0.089 seconds
[2026-09-23T00:27:37.531+0000] {processor.py:161} INFO - Started process (PID=1904) to work on /opt/airflow/dags/lakehouse_pipeline.py
[2026-09-23T00:27:37.531+0000] {processor.py:830} INFO - Processing file /opt/airflow/dags/lakehouse_pipeline.py for tasks to queue
[2026-09-23T00:27:37.533+0000] {logging_mixin.py:188} INFO - [2026-09-23T00:27:37.533+0000] {dagbag.py:545} INFO - Filling up the DagBag from /opt/airflow/dags/lakehouse_pipeline.py
[2026-09-23T00:27:37.548+0000] {logging_mixin.py:188} WARNING - /home/airflow/.local/lib/python3.10/site-packages/airflow/models/baseoperator.py:485 RemovedInAirflow3Warning: provide_context is deprecated as of 2.0 and is no longer required
[2026-09-23T00:27:37.553+0000] {processor.py:840} INFO - DAG(s) 'lakehouse_pipeline' retrieved from /opt/airflow/dags/lakehouse_pipeline.py
[2026-09-23T00:27:37.580+0000] {logging_mixin.py:188} INFO - [2026-09-23T00:27:37.580+0000] {dag.py:3096} INFO - Sync 1 DAGs
[2026-09-23T00:27:37.595+0000] {logging_mixin.py:188} INFO - [2026-09-23T00:27:37.595+0000] {dag.py:3954} INFO - Setting next_dagrun for lakehouse_pipeline to None, run_after=None
[2026-09-23T00:27:37.618+0000] {processor.py:183} INFO - Processing /opt/airflow/dags/lakehouse_pipeline.py took 0.093 seconds
[2026-09-23T00:28:07.739+0000] {processor.py:161} INFO - Started process (PID=1909) to work on /opt/airflow/dags/lakehouse_pipeline.py
[2026-09-23T00:28:07.740+0000] {processor.py:830} INFO - Processing file /opt/airflow/dags/lakehouse_pipeline.py for tasks to queue
[2026-09-23T00:28:07.742+0000] {logging_mixin.py:188} INFO - [2026-09-23T00:28:07.742+0000] {dagbag.py:545} INFO - Filling up the DagBag from /opt/airflow/dags/lakehouse_pipeline.py
[2026-09-23T00:28:07.762+0000] {logging_mixin.py:188} WARNING - /home/airflow/.local/lib/python3.10/site-packages/airflow/models/baseoperator.py:485 RemovedInAirflow3Warning: provide_context is deprecated as of 2.0 and is no longer required
[2026-09-23T00:28:07.767+0000] {processor.py:840} INFO - DAG(s) 'lakehouse_pipeline' retrieved from /opt/airflow/dags/lakehouse_pipeline.py
[2026-09-23T00:28:07.803+0000] {logging_mixin.py:188} INFO - [2026-09-23T00:28:07.803+0000] {dag.py:3096} INFO - Sync 1 DAGs
[2026-09-23T00:28:07.817+0000] {logging_mixin.py:188} INFO - [2026-09-23T00:28:07.817+0000] {dag.py:3954} INFO - Setting next_dagrun for lakehouse_pipeline to None, run_after=None
[2026-09-23T00:28:07.841+0000] {processor.py:183} INFO - Processing /opt/airflow/dags/lakehouse_pipeline.py took 0.107 seconds
[2026-09-23T00:28:38.076+0000] {processor.py:161} INFO - Started process (PID=1914) to work on /opt/airflow/dags/lakehouse_pipeline.py
[2026-09-23T00:28:38.077+0000] {processor.py:830} INFO - Processing file /opt/airflow/dags/lakehouse_pipeline.py for tasks to queue
[2026-09-23T00:28:38.079+0000] {logging_mixin.py:188} INFO - [2026-09-23T00:28:38.078+0000] {dagbag.py:545} INFO - Filling up the DagBag from /opt/airflow/dags/lakehouse_pipeline.py
[2026-09-23T00:28:38.102+0000] {logging_mixin.py:188} WARNING - /home/airflow/.local/lib/python3.10/site-packages/airflow/models/baseoperator.py:485 RemovedInAirflow3Warning: provide_context is deprecated as of 2.0 and is no longer required
[2026-09-23T00:28:38.111+0000] {processor.py:840} INFO - DAG(s) 'lakehouse_pipeline' retrieved from /opt/airflow/dags/lakehouse_pipeline.py
[2026-09-23T00:28:38.142+0000] {logging_mixin.py:188} INFO - [2026-09-23T00:28:38.142+0000] {dag.py:3096} INFO - Sync 1 DAGs
[2026-09-23T00:28:38.167+0000] {logging_mixin.py:188} INFO - [2026-09-23T00:28:38.167+0000] {dag.py:3954} INFO - Setting next_dagrun for lakehouse_pipeline to None, run_after=None
[2026-09-23T00:28:38.201+0000] {processor.py:183} INFO - Processing /opt/airflow/dags/lakehouse_pipeline.py took 0.131 seconds
[2026-09-23T00:29:08.297+0000] {processor.py:161} INFO - Started process (PID=1919) to work on /opt/airflow/dags/lakehouse_pipeline.py
[2026-09-23T00:29:08.298+0000] {processor.py:830} INFO - Processing file /opt/airflow/dags/lakehouse_pipeline.py for tasks to queue
[2026-09-23T00:29:08.300+0000] {logging_mixin.py:188} INFO - [2026-09-23T00:29:08.299+0000] {dagbag.py:545} INFO - Filling up the DagBag from /opt/airflow/dags/lakehouse_pipeline.py
[2026-09-23T00:29:08.315+0000] {logging_mixin.py:188} WARNING - /home/airflow/.local/lib/python3.10/site-packages/airflow/models/baseoperator.py:485 RemovedInAirflow3Warning: provide_context is deprecated as of 2.0 and is no longer required
[2026-09-23T00:29:08.319+0000] {processor.py:840} INFO - DAG(s) 'lakehouse_pipeline' retrieved from /opt/airflow/dags/lakehouse_pipeline.py
[2026-09-23T00:29:08.349+0000] {logging_mixin.py:188} INFO - [2026-09-23T00:29:08.349+0000] {dag.py:3096} INFO - Sync 1 DAGs
[2026-09-23T00:29:08.364+0000] {logging_mixin.py:188} INFO - [2026-09-23T00:29:08.364+0000] {dag.py:3954} INFO - Setting next_dagrun for lakehouse_pipeline to None, run_after=None
[2026-09-23T00:29:08.391+0000] {processor.py:183} INFO - Processing /opt/airflow/dags/lakehouse_pipeline.py took 0.099 seconds
[2026-09-23T00:29:38.528+0000] {processor.py:161} INFO - Started process (PID=1924) to work on /opt/airflow/dags/lakehouse_pipeline.py
[2026-09-23T00:29:38.529+0000] {processor.py:830} INFO - Processing file /opt/airflow/dags/lakehouse_pipeline.py for tasks to queue
[2026-09-23T00:29:38.530+0000] {logging_mixin.py:188} INFO - [2026-09-23T00:29:38.530+0000] {dagbag.py:545} INFO - Filling up the DagBag from /opt/airflow/dags/lakehouse_pipeline.py
[2026-09-23T00:29:38.546+0000] {logging_mixin.py:188} WARNING - /home/airflow/.local/lib/python3.10/site-packages/airflow/models/baseoperator.py:485 RemovedInAirflow3Warning: provide_context is deprecated as of 2.0 and is no longer required
[2026-09-23T00:29:38.550+0000] {processor.py:840} INFO - DAG(s) 'lakehouse_pipeline' retrieved from /opt/airflow/dags/lakehouse_pipeline.py
[2026-09-23T00:29:38.580+0000] {logging_mixin.py:188} INFO - [2026-09-23T00:29:38.580+0000] {dag.py:3096} INFO - Sync 1 DAGs
[2026-09-23T00:29:38.592+0000] {logging_mixin.py:188} INFO - [2026-09-23T00:29:38.592+0000] {dag.py:3954} INFO - Setting next_dagrun for lakehouse_pipeline to None, run_after=None
[2026-09-23T00:29:38.612+0000] {processor.py:183} INFO - Processing /opt/airflow/dags/lakehouse_pipeline.py took 0.090 seconds
[2026-09-23T00:30:08.805+0000] {processor.py:161} INFO - Started process (PID=1929) to work on /opt/airflow/dags/lakehouse_pipeline.py
[2026-09-23T00:30:08.805+0000] {processor.py:830} INFO - Processing file /opt/airflow/dags/lakehouse_pipeline.py for tasks to queue
[2026-09-23T00:30:08.807+0000] {logging_mixin.py:188} INFO - [2026-09-23T00:30:08.806+0000] {dagbag.py:545} INFO - Filling up the DagBag from /opt/airflow/dags/lakehouse_pipeline.py
[2026-09-23T00:30:08.821+0000] {logging_mixin.py:188} WARNING - /home/airflow/.local/lib/python3.10/site-packages/airflow/models/baseoperator.py:485 RemovedInAirflow3Warning: provide_context is deprecated as of 2.0 and is no longer required
[2026-09-23T00:30:08.826+0000] {processor.py:840} INFO - DAG(s) 'lakehouse_pipeline' retrieved from /opt/airflow/dags/lakehouse_pipeline.py
[2026-09-23T00:30:08.861+0000] {logging_mixin.py:188} INFO - [2026-09-23T00:30:08.861+0000] {dag.py:3096} INFO - Sync 1 DAGs
[2026-09-23T00:30:08.878+0000] {logging_mixin.py:188} INFO - [2026-09-23T00:30:08.877+0000] {dag.py:3954} INFO - Setting next_dagrun for lakehouse_pipeline to None, run_after=None
[2026-09-23T00:30:08.901+0000] {processor.py:183} INFO - Processing /opt/airflow/dags/lakehouse_pipeline.py took 0.101 seconds
[2026-09-23T00:30:39.065+0000] {processor.py:161} INFO - Started process (PID=1934) to work on /opt/airflow/dags/lakehouse_pipeline.py
[2026-09-23T00:30:39.066+0000] {processor.py:830} INFO - Processing file /opt/airflow/dags/lakehouse_pipeline.py for tasks to queue
[2026-09-23T00:30:39.067+0000] {logging_mixin.py:188} INFO - [2026-09-23T00:30:39.067+0000] {dagbag.py:545} INFO - Filling up the DagBag from /opt/airflow/dags/lakehouse_pipeline.py
[2026-09-23T00:30:39.081+0000] {logging_mixin.py:188} WARNING - /home/airflow/.local/lib/python3.10/site-packages/airflow/models/baseoperator.py:485 RemovedInAirflow3Warning: provide_context is deprecated as of 2.0 and is no longer required
[2026-09-23T00:30:39.086+0000] {processor.py:840} INFO - DAG(s) 'lakehouse_pipeline' retrieved from /opt/airflow/dags/lakehouse_pipeline.py
[2026-09-23T00:30:39.381+0000] {logging_mixin.py:188} INFO - [2026-09-23T00:30:39.380+0000] {dag.py:3096} INFO - Sync 1 DAGs
[2026-09-23T00:30:39.397+0000] {logging_mixin.py:188} INFO - [2026-09-23T00:30:39.397+0000] {dag.py:3954} INFO - Setting next_dagrun for lakehouse_pipeline to None, run_after=None
[2026-09-23T00:30:39.423+0000] {processor.py:183} INFO - Processing /opt/airflow/dags/lakehouse_pipeline.py took 0.363 seconds
[2026-09-23T00:31:09.662+0000] {processor.py:161} INFO - Started process (PID=1939) to work on /opt/airflow/dags/lakehouse_pipeline.py
[2026-09-23T00:31:09.663+0000] {processor.py:830} INFO - Processing file /opt/airflow/dags/lakehouse_pipeline.py for tasks to queue
[2026-09-23T00:31:09.665+0000] {logging_mixin.py:188} INFO - [2026-09-23T00:31:09.664+0000] {dagbag.py:545} INFO - Filling up the DagBag from /opt/airflow/dags/lakehouse_pipeline.py
[2026-09-23T00:31:09.681+0000] {logging_mixin.py:188} WARNING - /home/airflow/.local/lib/python3.10/site-packages/airflow/models/baseoperator.py:485 RemovedInAirflow3Warning: provide_context is deprecated as of 2.0 and is no longer required
[2026-09-23T00:31:09.685+0000] {processor.py:840} INFO - DAG(s) 'lakehouse_pipeline' retrieved from /opt/airflow/dags/lakehouse_pipeline.py
[2026-09-23T00:31:09.713+0000] {logging_mixin.py:188} INFO - [2026-09-23T00:31:09.713+0000] {dag.py:3096} INFO - Sync 1 DAGs
[2026-09-23T00:31:09.738+0000] {logging_mixin.py:188} INFO - [2026-09-23T00:31:09.737+0000] {dag.py:3954} INFO - Setting next_dagrun for lakehouse_pipeline to None, run_after=None
[2026-09-23T00:31:09.757+0000] {processor.py:183} INFO - Processing /opt/airflow/dags/lakehouse_pipeline.py took 0.100 seconds
[2026-09-23T00:31:39.867+0000] {processor.py:161} INFO - Started process (PID=1944) to work on /opt/airflow/dags/lakehouse_pipeline.py
[2026-09-23T00:31:39.867+0000] {processor.py:830} INFO - Processing file /opt/airflow/dags/lakehouse_pipeline.py for tasks to queue
[2026-09-23T00:31:39.869+0000] {logging_mixin.py:188} INFO - [2026-09-23T00:31:39.869+0000] {dagbag.py:545} INFO - Filling up the DagBag from /opt/airflow/dags/lakehouse_pipeline.py
[2026-09-23T00:31:39.885+0000] {logging_mixin.py:188} WARNING - /home/airflow/.local/lib/python3.10/site-packages/airflow/models/baseoperator.py:485 RemovedInAirflow3Warning: provide_context is deprecated as of 2.0 and is no longer required
[2026-09-23T00:31:39.890+0000] {processor.py:840} INFO - DAG(s) 'lakehouse_pipeline' retrieved from /opt/airflow/dags/lakehouse_pipeline.py
[2026-09-23T00:31:39.919+0000] {logging_mixin.py:188} INFO - [2026-09-23T00:31:39.918+0000] {dag.py:3096} INFO - Sync 1 DAGs
[2026-09-23T00:31:39.931+0000] {logging_mixin.py:188} INFO - [2026-09-23T00:31:39.931+0000] {dag.py:3954} INFO - Setting next_dagrun for lakehouse_pipeline to None, run_after=None
[2026-09-23T00:31:39.954+0000] {processor.py:183} INFO - Processing /opt/airflow/dags/lakehouse_pipeline.py took 0.093 seconds
[2026-09-23T00:32:10.166+0000] {processor.py:161} INFO - Started process (PID=1949) to work on /opt/airflow/dags/lakehouse_pipeline.py
[2026-09-23T00:32:10.167+0000] {processor.py:830} INFO - Processing file /opt/airflow/dags/lakehouse_pipeline.py for tasks to queue
[2026-09-23T00:32:10.169+0000] {logging_mixin.py:188} INFO - [2026-09-23T00:32:10.168+0000] {dagbag.py:545} INFO - Filling up the DagBag from /opt/airflow/dags/lakehouse_pipeline.py
[2026-09-23T00:32:10.191+0000] {logging_mixin.py:188} WARNING - /home/airflow/.local/lib/python3.10/site-packages/airflow/models/baseoperator.py:485 RemovedInAirflow3Warning: provide_context is deprecated as of 2.0 and is no longer required
[2026-09-23T00:32:10.196+0000] {processor.py:840} INFO - DAG(s) 'lakehouse_pipeline' retrieved from /opt/airflow/dags/lakehouse_pipeline.py
[2026-09-23T00:32:10.225+0000] {logging_mixin.py:188} INFO - [2026-09-23T00:32:10.225+0000] {dag.py:3096} INFO - Sync 1 DAGs
[2026-09-23T00:32:10.238+0000] {logging_mixin.py:188} INFO - [2026-09-23T00:32:10.238+0000] {dag.py:3954} INFO - Setting next_dagrun for lakehouse_pipeline to None, run_after=None
[2026-09-23T00:32:10.261+0000] {processor.py:183} INFO - Processing /opt/airflow/dags/lakehouse_pipeline.py took 0.101 seconds
[2026-09-23T00:32:40.444+0000] {processor.py:161} INFO - Started process (PID=1954) to work on /opt/airflow/dags/lakehouse_pipeline.py
[2026-09-23T00:32:40.445+0000] {processor.py:830} INFO - Processing file /opt/airflow/dags/lakehouse_pipeline.py for tasks to queue
[2026-09-23T00:32:40.447+0000] {logging_mixin.py:188} INFO - [2026-09-23T00:32:40.447+0000] {dagbag.py:545} INFO - Filling up the DagBag from /opt/airflow/dags/lakehouse_pipeline.py
[2026-09-23T00:32:40.468+0000] {logging_mixin.py:188} WARNING - /home/airflow/.local/lib/python3.10/site-packages/airflow/models/baseoperator.py:485 RemovedInAirflow3Warning: provide_context is deprecated as of 2.0 and is no longer required
[2026-09-23T00:32:40.474+0000] {processor.py:840} INFO - DAG(s) 'lakehouse_pipeline' retrieved from /opt/airflow/dags/lakehouse_pipeline.py
[2026-09-23T00:32:40.516+0000] {logging_mixin.py:188} INFO - [2026-09-23T00:32:40.516+0000] {dag.py:3096} INFO - Sync 1 DAGs
[2026-09-23T00:32:40.537+0000] {logging_mixin.py:188} INFO - [2026-09-23T00:32:40.536+0000] {dag.py:3954} INFO - Setting next_dagrun for lakehouse_pipeline to None, run_after=None
[2026-09-23T00:32:40.564+0000] {processor.py:183} INFO - Processing /opt/airflow/dags/lakehouse_pipeline.py took 0.130 seconds
[2026-09-23T00:33:10.650+0000] {processor.py:161} INFO - Started process (PID=1959) to work on /opt/airflow/dags/lakehouse_pipeline.py
[2026-09-23T00:33:10.651+0000] {processor.py:830} INFO - Processing file /opt/airflow/dags/lakehouse_pipeline.py for tasks to queue
[2026-09-23T00:33:10.653+0000] {logging_mixin.py:188} INFO - [2026-09-23T00:33:10.652+0000] {dagbag.py:545} INFO - Filling up the DagBag from /opt/airflow/dags/lakehouse_pipeline.py
[2026-09-23T00:33:10.669+0000] {logging_mixin.py:188} WARNING - /home/airflow/.local/lib/python3.10/site-packages/airflow/models/baseoperator.py:485 RemovedInAirflow3Warning: provide_context is deprecated as of 2.0 and is no longer required
[2026-09-23T00:33:10.674+0000] {processor.py:840} INFO - DAG(s) 'lakehouse_pipeline' retrieved from /opt/airflow/dags/lakehouse_pipeline.py
[2026-09-23T00:33:10.702+0000] {logging_mixin.py:188} INFO - [2026-09-23T00:33:10.702+0000] {dag.py:3096} INFO - Sync 1 DAGs
[2026-09-23T00:33:10.714+0000] {logging_mixin.py:188} INFO - [2026-09-23T00:33:10.714+0000] {dag.py:3954} INFO - Setting next_dagrun for lakehouse_pipeline to None, run_after=None
[2026-09-23T00:33:10.738+0000] {processor.py:183} INFO - Processing /opt/airflow/dags/lakehouse_pipeline.py took 0.094 seconds
[2026-09-23T00:33:40.979+0000] {processor.py:161} INFO - Started process (PID=1964) to work on /opt/airflow/dags/lakehouse_pipeline.py
[2026-09-23T00:33:40.980+0000] {processor.py:830} INFO - Processing file /opt/airflow/dags/lakehouse_pipeline.py for tasks to queue
[2026-09-23T00:33:40.982+0000] {logging_mixin.py:188} INFO - [2026-09-23T00:33:40.981+0000] {dagbag.py:545} INFO - Filling up the DagBag from /opt/airflow/dags/lakehouse_pipeline.py
[2026-09-23T00:33:40.998+0000] {logging_mixin.py:188} WARNING - /home/airflow/.local/lib/python3.10/site-packages/airflow/models/baseoperator.py:485 RemovedInAirflow3Warning: provide_context is deprecated as of 2.0 and is no longer required
[2026-09-23T00:33:41.013+0000] {processor.py:840} INFO - DAG(s) 'lakehouse_pipeline' retrieved from /opt/airflow/dags/lakehouse_pipeline.py
[2026-09-23T00:33:41.075+0000] {logging_mixin.py:188} INFO - [2026-09-23T00:33:41.075+0000] {dag.py:3096} INFO - Sync 1 DAGs
[2026-09-23T00:33:41.091+0000] {logging_mixin.py:188} INFO - [2026-09-23T00:33:41.091+0000] {dag.py:3954} INFO - Setting next_dagrun for lakehouse_pipeline to None, run_after=None
[2026-09-23T00:33:41.114+0000] {processor.py:183} INFO - Processing /opt/airflow/dags/lakehouse_pipeline.py took 0.141 seconds
[2026-09-23T00:34:11.366+0000] {processor.py:161} INFO - Started process (PID=1969) to work on /opt/airflow/dags/lakehouse_pipeline.py
[2026-09-23T00:34:11.367+0000] {processor.py:830} INFO - Processing file /opt/airflow/dags/lakehouse_pipeline.py for tasks to queue
[2026-09-23T00:34:11.369+0000] {logging_mixin.py:188} INFO - [2026-09-23T00:34:11.368+0000] {dagbag.py:545} INFO - Filling up the DagBag from /opt/airflow/dags/lakehouse_pipeline.py
[2026-09-23T00:34:11.395+0000] {logging_mixin.py:188} WARNING - /home/airflow/.local/lib/python3.10/site-packages/airflow/models/baseoperator.py:485 RemovedInAirflow3Warning: provide_context is deprecated as of 2.0 and is no longer required
[2026-09-23T00:34:11.410+0000] {processor.py:840} INFO - DAG(s) 'lakehouse_pipeline' retrieved from /opt/airflow/dags/lakehouse_pipeline.py
[2026-09-23T00:34:11.471+0000] {logging_mixin.py:188} INFO - [2026-09-23T00:34:11.470+0000] {dag.py:3096} INFO - Sync 1 DAGs
[2026-09-23T00:34:11.502+0000] {logging_mixin.py:188} INFO - [2026-09-23T00:34:11.502+0000] {dag.py:3954} INFO - Setting next_dagrun for lakehouse_pipeline to None, run_after=None
[2026-09-23T00:34:11.587+0000] {processor.py:183} INFO - Processing /opt/airflow/dags/lakehouse_pipeline.py took 0.231 seconds
[2026-09-23T00:34:41.726+0000] {processor.py:161} INFO - Started process (PID=1974) to work on /opt/airflow/dags/lakehouse_pipeline.py
[2026-09-23T00:34:41.726+0000] {processor.py:830} INFO - Processing file /opt/airflow/dags/lakehouse_pipeline.py for tasks to queue
[2026-09-23T00:34:41.728+0000] {logging_mixin.py:188} INFO - [2026-09-23T00:34:41.728+0000] {dagbag.py:545} INFO - Filling up the DagBag from /opt/airflow/dags/lakehouse_pipeline.py
[2026-09-23T00:34:41.744+0000] {logging_mixin.py:188} WARNING - /home/airflow/.local/lib/python3.10/site-packages/airflow/models/baseoperator.py:485 RemovedInAirflow3Warning: provide_context is deprecated as of 2.0 and is no longer required
[2026-09-23T00:34:41.749+0000] {processor.py:840} INFO - DAG(s) 'lakehouse_pipeline' retrieved from /opt/airflow/dags/lakehouse_pipeline.py
[2026-09-23T00:34:41.790+0000] {logging_mixin.py:188} INFO - [2026-09-23T00:34:41.790+0000] {dag.py:3096} INFO - Sync 1 DAGs
[2026-09-23T00:34:41.803+0000] {logging_mixin.py:188} INFO - [2026-09-23T00:34:41.803+0000] {dag.py:3954} INFO - Setting next_dagrun for lakehouse_pipeline to None, run_after=None
[2026-09-23T00:34:41.823+0000] {processor.py:183} INFO - Processing /opt/airflow/dags/lakehouse_pipeline.py took 0.103 seconds
