[2026-09-22T02:42:41.629+0000] {local_task_job_runner.py:120} INFO - ::group::Pre task execution logs
[2026-09-22T02:42:41.705+0000] {taskinstance.py:2076} INFO - Dependencies all met for dep_context=non-requeueable deps ti=<TaskInstance: lakehouse_pipeline.silver_to_gold manual__2026-09-22T02:41:52.602084+00:00 [queued]>
[2026-09-22T02:42:41.715+0000] {taskinstance.py:2076} INFO - Dependencies all met for dep_context=requeueable deps ti=<TaskInstance: lakehouse_pipeline.silver_to_gold manual__2026-09-22T02:41:52.602084+00:00 [queued]>
[2026-09-22T02:42:41.716+0000] {taskinstance.py:2306} INFO - Starting attempt 1 of 1
[2026-09-22T02:42:41.732+0000] {taskinstance.py:2330} INFO - Executing <Task(BashOperator): silver_to_gold> on 2026-09-22 02:41:52.602084+00:00
[2026-09-22T02:42:41.739+0000] {standard_task_runner.py:63} INFO - Started process 2285 to run task
[2026-09-22T02:42:41.743+0000] {standard_task_runner.py:90} INFO - Running: ['airflow', 'tasks', 'run', 'lakehouse_pipeline', 'silver_to_gold', 'manual__2026-09-22T02:41:52.602084+00:00', '--job-id', '699', '--raw', '--subdir', 'DAGS_FOLDER/lakehouse_pipeline.py', '--cfg-path', '/tmp/tmpf_u89f4w']
[2026-09-22T02:42:41.745+0000] {standard_task_runner.py:91} INFO - Job 699: Subtask silver_to_gold
[2026-09-22T02:42:41.811+0000] {task_command.py:426} INFO - Running <TaskInstance: lakehouse_pipeline.silver_to_gold manual__2026-09-22T02:41:52.602084+00:00 [running]> on host demo-airflow-scheduler
[2026-09-22T02:42:41.938+0000] {taskinstance.py:2648} INFO - Exporting env vars: AIRFLOW_CTX_DAG_OWNER='lakehouse' AIRFLOW_CTX_DAG_ID='lakehouse_pipeline' AIRFLOW_CTX_TASK_ID='silver_to_gold' AIRFLOW_CTX_EXECUTION_DATE='2026-09-22T02:41:52.602084+00:00' AIRFLOW_CTX_TRY_NUMBER='1' AIRFLOW_CTX_DAG_RUN_ID='manual__2026-09-22T02:41:52.602084+00:00'
[2026-09-22T02:42:41.939+0000] {taskinstance.py:430} INFO - ::endgroup::
[2026-09-22T02:42:41.958+0000] {subprocess.py:63} INFO - Tmp dir root location: /tmp
[2026-09-22T02:42:41.959+0000] {subprocess.py:75} INFO - Running command: ['/usr/bin/bash', '-c', 'cd /opt/airflow/spark && python spark_silver_to_gold.py']
[2026-09-22T02:42:41.971+0000] {subprocess.py:86} INFO - Output:
[2026-09-22T02:42:42.985+0000] {subprocess.py:93} INFO - /home/airflow/.local/lib/python3.10/site-packages/pyspark/bin/load-spark-env.sh: line 68: ps: command not found
[2026-09-22T02:42:45.272+0000] {subprocess.py:93} INFO - :: loading settings :: url = jar:file:/home/airflow/.local/lib/python3.10/site-packages/pyspark/jars/ivy-2.5.1.jar!/org/apache/ivy/core/settings/ivysettings.xml
[2026-09-22T02:42:45.377+0000] {subprocess.py:93} INFO - Ivy Default Cache set to: /home/airflow/.ivy2/cache
[2026-09-22T02:42:45.378+0000] {subprocess.py:93} INFO - The jars for the packages stored in: /home/airflow/.ivy2/jars
[2026-09-22T02:42:45.386+0000] {subprocess.py:93} INFO - org.apache.iceberg#iceberg-spark-runtime-3.5_2.12 added as a dependency
[2026-09-22T02:42:45.387+0000] {subprocess.py:93} INFO - org.projectnessie.nessie-integrations#nessie-spark-extensions-3.5_2.12 added as a dependency
[2026-09-22T02:42:45.387+0000] {subprocess.py:93} INFO - org.apache.hadoop#hadoop-aws added as a dependency
[2026-09-22T02:42:45.388+0000] {subprocess.py:93} INFO - :: resolving dependencies :: org.apache.spark#spark-submit-parent-19e3a1b3-27cb-4261-9137-313e7b2434d9;1.0
[2026-09-22T02:42:45.388+0000] {subprocess.py:93} INFO - 	confs: [default]
[2026-09-22T02:42:45.648+0000] {subprocess.py:93} INFO - 	found org.apache.iceberg#iceberg-spark-runtime-3.5_2.12;1.4.3 in central
[2026-09-22T02:42:45.702+0000] {subprocess.py:93} INFO - 	found org.projectnessie.nessie-integrations#nessie-spark-extensions-3.5_2.12;0.77.1 in central
[2026-09-22T02:42:45.892+0000] {subprocess.py:93} INFO - 	found org.apache.hadoop#hadoop-aws;3.3.4 in central
[2026-09-22T02:42:45.962+0000] {subprocess.py:93} INFO - 	found com.amazonaws#aws-java-sdk-bundle;1.12.262 in central
[2026-09-22T02:42:46.001+0000] {subprocess.py:93} INFO - 	found org.wildfly.openssl#wildfly-openssl;1.0.7.Final in central
[2026-09-22T02:42:46.053+0000] {subprocess.py:93} INFO - :: resolution report :: resolve 636ms :: artifacts dl 30ms
[2026-09-22T02:42:46.054+0000] {subprocess.py:93} INFO - 	:: modules in use:
[2026-09-22T02:42:46.055+0000] {subprocess.py:93} INFO - 	com.amazonaws#aws-java-sdk-bundle;1.12.262 from central in [default]
[2026-09-22T02:42:46.055+0000] {subprocess.py:93} INFO - 	org.apache.hadoop#hadoop-aws;3.3.4 from central in [default]
[2026-09-22T02:42:46.057+0000] {subprocess.py:93} INFO - 	org.apache.iceberg#iceberg-spark-runtime-3.5_2.12;1.4.3 from central in [default]
[2026-09-22T02:42:46.068+0000] {subprocess.py:93} INFO - 	org.projectnessie.nessie-integrations#nessie-spark-extensions-3.5_2.12;0.77.1 from central in [default]
[2026-09-22T02:42:46.072+0000] {subprocess.py:93} INFO - 	org.wildfly.openssl#wildfly-openssl;1.0.7.Final from central in [default]
[2026-09-22T02:42:46.075+0000] {subprocess.py:93} INFO - 	---------------------------------------------------------------------
[2026-09-22T02:42:46.076+0000] {subprocess.py:93} INFO - 	|                  |            modules            ||   artifacts   |
[2026-09-22T02:42:46.078+0000] {subprocess.py:93} INFO - 	|       conf       | number| search|dwnlded|evicted|| number|dwnlded|
[2026-09-22T02:42:46.084+0000] {subprocess.py:93} INFO - 	---------------------------------------------------------------------
[2026-09-22T02:42:46.090+0000] {subprocess.py:93} INFO - 	|      default     |   5   |   0   |   0   |   0   ||   5   |   0   |
[2026-09-22T02:42:46.104+0000] {subprocess.py:93} INFO - 	---------------------------------------------------------------------
[2026-09-22T02:42:46.105+0000] {subprocess.py:93} INFO - :: retrieving :: org.apache.spark#spark-submit-parent-19e3a1b3-27cb-4261-9137-313e7b2434d9
[2026-09-22T02:42:46.106+0000] {subprocess.py:93} INFO - 	confs: [default]
[2026-09-22T02:42:46.106+0000] {subprocess.py:93} INFO - 	0 artifacts copied, 5 already retrieved (0kB/12ms)
[2026-09-22T02:42:46.522+0000] {subprocess.py:93} INFO - 26/09/22 02:42:46 WARN NativeCodeLoader: Unable to load native-hadoop library for your platform... using builtin-java classes where applicable
[2026-09-22T02:42:47.032+0000] {subprocess.py:93} INFO - Setting default log level to "WARN".
[2026-09-22T02:42:47.034+0000] {subprocess.py:93} INFO - To adjust logging level use sc.setLogLevel(newLevel). For SparkR, use setLogLevel(newLevel).
[2026-09-22T02:43:09.855+0000] {subprocess.py:93} INFO - [Stage 3:>                                                          (0 + 1) / 1]                                                                                Khởi tạo Spark Engine tính toán số liệu tầng Gold...
[2026-09-22T02:43:09.857+0000] {subprocess.py:93} INFO - 🌿 Đang tạo branch Nessie: 'silver_gold_20260922_024259' (từ 'main')...
[2026-09-22T02:43:09.858+0000] {subprocess.py:93} INFO - ✅ Đã tạo branch 'silver_gold_20260922_024259'.
[2026-09-22T02:43:09.859+0000] {subprocess.py:93} INFO - ➡️  Đang làm việc trên branch: 'silver_gold_20260922_024259'
[2026-09-22T02:43:09.860+0000] {subprocess.py:93} INFO - 📊 Đang đọc dữ liệu sạch (4208 dòng) từ lakehouse.silver.kpi_cusc_master...
[2026-09-22T02:43:09.860+0000] {subprocess.py:93} INFO - ⚙️ Nghiệp vụ 1: Tính toán tỷ lệ hoàn thành KPI nghiệp vụ...
[2026-09-22T02:43:09.861+0000] {subprocess.py:93} INFO - ⚙️ Nghiệp vụ 2: Đồng bộ danh sách Rich Schema phục vụ tra cứu...
[2026-09-22T02:43:09.862+0000] {subprocess.py:93} INFO - ⚙️ Nghiệp vụ 3: Tính tăng/giảm % của từng mã chỉ tiêu...
[2026-09-22T02:43:09.862+0000] {subprocess.py:93} INFO - ⚙️ Nghiệp vụ 4: Xây bảng chú thích (data dictionary)...
[2026-09-22T02:43:09.863+0000] {subprocess.py:93} INFO - 🧊 Đang ghi Data Mart Tổng hợp lên branch 'silver_gold_20260922_024259'...
[2026-09-22T02:43:09.864+0000] {subprocess.py:93} INFO - 🧊 Đang ghi Data Mart Chi tiết lên branch 'silver_gold_20260922_024259'...
[2026-09-22T02:43:09.864+0000] {subprocess.py:93} INFO - 🧊 Đang ghi Data Mart So sánh kỳ lên branch 'silver_gold_20260922_024259'...
[2026-09-22T02:43:09.865+0000] {subprocess.py:93} INFO - 🧊 Đang ghi Data Dictionary lên branch 'silver_gold_20260922_024259'...
[2026-09-22T02:43:09.865+0000] {subprocess.py:93} INFO - 🔍 Đang kiểm tra chất lượng Data Mart Gold trên branch hiện tại...
[2026-09-22T02:43:09.866+0000] {subprocess.py:93} INFO - ✅ Data Mart Gold đạt chất lượng: 762 dòng tổng hợp, 4208 dòng chi tiết.
[2026-09-22T02:43:09.867+0000] {subprocess.py:93} INFO - 🔀 Đang merge branch 'silver_gold_20260922_024259' vào 'main'...
[2026-09-22T02:43:09.867+0000] {subprocess.py:93} INFO - ✅ Đã merge 'silver_gold_20260922_024259' -> 'main' thành công.
[2026-09-22T02:43:09.868+0000] {subprocess.py:93} INFO - 
[2026-09-22T02:43:09.868+0000] {subprocess.py:93} INFO - 🌟 HOÀN THÀNH TẦNG GOLD!
[2026-09-22T02:43:09.869+0000] {subprocess.py:93} INFO - ⚠️ Lineage update warning (bỏ qua): OpenMetadata client chưa sẵn sàng: No module named 'metadata'. Cài đặt package openmetadata-ingestion để bật lineage, hoặc bỏ qua bước này.
[2026-09-22T02:43:10.351+0000] {subprocess.py:97} INFO - Command exited with return code 0
[2026-09-22T02:43:10.352+0000] {taskinstance.py:441} INFO - ::group::Post task execution logs
[2026-09-22T02:43:10.388+0000] {taskinstance.py:1206} INFO - Marking task as SUCCESS. dag_id=lakehouse_pipeline, task_id=silver_to_gold, run_id=manual__2026-09-22T02:41:52.602084+00:00, execution_date=20260922T024152, start_date=20260922T024241, end_date=20260922T024310
[2026-09-22T02:43:10.441+0000] {local_task_job_runner.py:240} INFO - Task exited with return code 0
[2026-09-22T02:43:10.475+0000] {taskinstance.py:3503} INFO - 0 downstream tasks scheduled from follow-on schedule check
[2026-09-22T02:43:10.477+0000] {local_task_job_runner.py:222} INFO - ::endgroup::
